Number of nodes: 172
Number of hierarchical edges: 163
Number of temporal edges: 145
Number of time steps: 9
Number of levels: 4
Time crossing minimization: 1ms
Number of crossings: 0
Set parameter TokenServer to value "clustermaster.ac.tuwien.ac.at"
Set parameter MemLimit to value 8
Set parameter Threads to value 1
Gurobi Optimizer version 11.0.2 build v11.0.2rc0 (linux64 - "Ubuntu 18.04.6 LTS")

CPU model: Intel(R) Xeon(R) CPU E5-2640 v4 @ 2.40GHz, instruction set [SSE2|AVX|AVX2]
Thread count: 20 physical cores, 20 logical processors, using up to 1 threads

Optimize a model with 501 rows, 317 columns and 1292 nonzeros
Model fingerprint: 0xfdfeca23
Coefficient statistics:
  Matrix range     [1e+00, 1e+00]
  Objective range  [7e-02, 4e+00]
  Bounds range     [4e-02, 2e+00]
  RHS range        [4e-03, 1e+00]
Presolve removed 4 rows and 2 columns
Presolve time: 0.00s
Presolved: 497 rows, 316 columns, 1285 nonzeros

Iteration    Objective       Primal Inf.    Dual Inf.      Time
       0    0.0000000e+00   4.005123e+01   0.000000e+00      0s
     351    1.5945571e+00   0.000000e+00   0.000000e+00      0s

Solved in 351 iterations and 0.00 seconds (0.00 work units)
Optimal objective  1.594557097e+00
Time wiggle minimization: 11ms
