Number of nodes: 192
Number of hierarchical edges: 184
Number of temporal edges: 145
Number of time steps: 8
Number of levels: 5
Set parameter TokenServer to value "clustermaster.ac.tuwien.ac.at"
Set parameter MemLimit to value 8
Set parameter Threads to value 1
Set parameter TimeLimit to value 599.966814689
Gurobi Optimizer version 11.0.2 build v11.0.2rc0 (linux64 - "Ubuntu 18.04.6 LTS")

CPU model: Intel(R) Xeon(R) CPU E5-2640 v4 @ 2.40GHz, instruction set [SSE2|AVX|AVX2]
Thread count: 20 physical cores, 20 logical processors, using up to 1 threads

Optimize a model with 15712 rows, 2290 columns and 44976 nonzeros
Model fingerprint: 0x35fc51b1
Variable types: 0 continuous, 2290 integer (2290 binary)
Coefficient statistics:
  Matrix range     [1e+00, 1e+00]
  Objective range  [1e+00, 1e+00]
  Bounds range     [1e+00, 1e+00]
  RHS range        [1e+00, 1e+00]
Found heuristic solution: objective 63.0000000
Presolve removed 12816 rows and 1647 columns
Presolve time: 0.06s
Presolved: 2896 rows, 643 columns, 8688 nonzeros
Extracted 2416 lazy constraints
Variable types: 0 continuous, 643 integer (643 binary)

Root relaxation: objective 0.000000e+00, 12 iterations, 0.00 seconds (0.00 work units)

    Nodes    |    Current Node    |     Objective Bounds      |     Work
 Expl Unexpl |  Obj  Depth IntInf | Incumbent    BestBd   Gap | It/Node Time

*    0     0               0       0.0000000    0.00000  0.00%     -    0s

Explored 1 nodes (12 simplex iterations) in 0.07 seconds (0.06 work units)
Thread count was 1 (of 20 available processors)

Solution count 2: 0 63 

Optimal solution found (tolerance 1.00e-04)
Best objective 0.000000000000e+00, best bound 0.000000000000e+00, gap 0.0000%
Time crossing minimization: 113ms
Number of crossings: 0
Set parameter TokenServer to value "clustermaster.ac.tuwien.ac.at"
Set parameter MemLimit to value 8
Set parameter Threads to value 1
Gurobi Optimizer version 11.0.2 build v11.0.2rc0 (linux64 - "Ubuntu 18.04.6 LTS")

CPU model: Intel(R) Xeon(R) CPU E5-2640 v4 @ 2.40GHz, instruction set [SSE2|AVX|AVX2]
Thread count: 20 physical cores, 20 logical processors, using up to 1 threads

Optimize a model with 533 rows, 337 columns and 1356 nonzeros
Model fingerprint: 0x59932481
Coefficient statistics:
  Matrix range     [1e+00, 1e+00]
  Objective range  [6e-02, 4e+00]
  Bounds range     [3e-02, 2e+00]
  RHS range        [4e-03, 2e+00]
Presolve removed 37 rows and 11 columns
Presolve time: 0.00s
Presolved: 496 rows, 349 columns, 1305 nonzeros

Iteration    Objective       Primal Inf.    Dual Inf.      Time
       0    0.0000000e+00   3.586825e+01   0.000000e+00      0s
     379    1.0346575e+00   0.000000e+00   0.000000e+00      0s

Solved in 379 iterations and 0.00 seconds (0.00 work units)
Optimal objective  1.034657484e+00
Time wiggle minimization: 8ms
