Number of nodes: 192
Number of hierarchical edges: 184
Number of temporal edges: 145
Number of time steps: 8
Number of levels: 5
Time crossing minimization: 2ms
Number of crossings: 0
Set parameter TokenServer to value "clustermaster.ac.tuwien.ac.at"
Set parameter MemLimit to value 8
Set parameter Threads to value 1
Gurobi Optimizer version 11.0.2 build v11.0.2rc0 (linux64 - "Ubuntu 18.04.6 LTS")

CPU model: Intel(R) Xeon(R) CPU E5-2640 v4 @ 2.40GHz, instruction set [SSE2|AVX|AVX2]
Thread count: 20 physical cores, 20 logical processors, using up to 1 threads

Optimize a model with 533 rows, 337 columns and 1356 nonzeros
Model fingerprint: 0x05583e59
Coefficient statistics:
  Matrix range     [1e+00, 1e+00]
  Objective range  [1e+00, 1e+00]
  Bounds range     [3e-02, 2e+00]
  RHS range        [4e-03, 2e+00]
Presolve removed 37 rows and 11 columns
Presolve time: 0.00s
Presolved: 496 rows, 349 columns, 1305 nonzeros

Iteration    Objective       Primal Inf.    Dual Inf.      Time
       0    0.0000000e+00   4.307978e+01   0.000000e+00      0s
     385    9.8880000e+00   0.000000e+00   0.000000e+00      0s

Solved in 385 iterations and 0.00 seconds (0.00 work units)
Optimal objective  9.888000000e+00
Time wiggle minimization: 8ms
