Number of nodes: 75662
Number of hierarchical edges: 75540
Number of temporal edges: 71965
Number of time steps: 122
Number of levels: 9
Time crossing minimization: 1126ms
Number of crossings: 10214
Set parameter TokenServer to value "clustermaster.ac.tuwien.ac.at"
Set parameter MemLimit to value 8
Set parameter Threads to value 1
Gurobi Optimizer version 11.0.2 build v11.0.2rc0 (linux64 - "Ubuntu 18.04.6 LTS")

CPU model: Intel(R) Xeon(R) CPU E5-2640 v4 @ 2.40GHz, instruction set [SSE2|AVX|AVX2]
Thread count: 20 physical cores, 20 logical processors, using up to 1 threads

Optimize a model with 229866 rows, 147627 columns and 603662 nonzeros
Model fingerprint: 0xaf1a17f3
Coefficient statistics:
  Matrix range     [1e+00, 1e+00]
  Objective range  [2e-08, 4e+00]
  Bounds range     [5e-11, 2e+00]
  RHS range        [1e-04, 2e+00]
Presolve removed 3448 rows and 990 columns
Presolve time: 0.39s
Presolved: 226418 rows, 148945 columns, 599072 nonzeros

Iteration    Objective       Primal Inf.    Dual Inf.      Time
       0    0.0000000e+00   2.727264e+03   0.000000e+00      1s
   89158    3.4914364e+01   2.212029e+03   0.000000e+00      5s
  123704    4.8322222e+01   3.121053e+02   0.000000e+00     10s
  157611    4.9718553e+01   5.664823e+01   0.000000e+00     15s
  181371    4.9766175e+01   8.930990e+00   0.000000e+00     20s
  187706    4.8569917e+01   0.000000e+00   4.818080e+02     25s
  191197    4.8527223e+01   0.000000e+00   7.802132e+01     30s
  202185    4.8526869e+01   0.000000e+00   3.750110e+00     35s
  208601    4.8526873e+01   0.000000e+00   0.000000e+00     37s

Solved in 208601 iterations and 36.51 seconds (29.71 work units)
Optimal objective  4.852687252e+01
Time wiggle minimization: 36997ms
