Number of nodes: 75662
Number of hierarchical edges: 75540
Number of temporal edges: 71965
Number of time steps: 122
Number of levels: 9
Time crossing minimization: 1208ms
Number of crossings: 10214
Set parameter TokenServer to value "clustermaster.ac.tuwien.ac.at"
Set parameter MemLimit to value 8
Set parameter Threads to value 1
Gurobi Optimizer version 11.0.2 build v11.0.2rc0 (linux64 - "Ubuntu 18.04.6 LTS")

CPU model: Intel(R) Xeon(R) CPU E5-2640 v4 @ 2.40GHz, instruction set [SSE2|AVX|AVX2]
Thread count: 20 physical cores, 20 logical processors, using up to 1 threads

Optimize a model with 229866 rows, 147627 columns and 603662 nonzeros
Model fingerprint: 0x487fb8a4
Coefficient statistics:
  Matrix range     [1e+00, 1e+00]
  Objective range  [1e+00, 1e+00]
  Bounds range     [5e-11, 2e+00]
  RHS range        [1e-04, 2e+00]
Presolve removed 3448 rows and 990 columns
Presolve time: 0.39s
Presolved: 226418 rows, 148945 columns, 599072 nonzeros

Iteration    Objective       Primal Inf.    Dual Inf.      Time
       0    0.0000000e+00   2.727264e+03   0.000000e+00      1s
   55383    7.2204732e+01   6.064485e+03   0.000000e+00      5s
   85027    2.7401646e+02   2.703021e+03   0.000000e+00     10s
   92449    4.8454715e+02   1.219065e+03   0.000000e+00     15s
   98855    6.3501594e+02   1.485744e+03   0.000000e+00     20s
  105951    7.6991070e+02   8.623004e+02   0.000000e+00     25s
  113286    8.9679790e+02   7.959323e+02   0.000000e+00     30s
  120347    9.6517723e+02   5.237888e+02   0.000000e+00     35s
  128500    1.0399242e+03   6.669852e+02   0.000000e+00     40s
  136825    1.0725020e+03   6.813807e+02   0.000000e+00     45s
  149738    1.1030172e+03   2.437508e+02   0.000000e+00     50s
  172756    1.1268389e+03   1.886404e+02   0.000000e+00     55s
  189120    1.1422001e+03   1.515955e+02   0.000000e+00     60s
  201520    1.1569069e+03   5.599531e+01   0.000000e+00     65s
  214810    1.1612270e+03   7.280529e+00   0.000000e+00     70s
  225978    1.1625255e+03   2.927751e+00   0.000000e+00     75s
  231354    1.1640143e+03   3.191129e-03   0.000000e+00     80s
  232029    1.1638511e+03   0.000000e+00   0.000000e+00     80s

Solved in 232029 iterations and 80.30 seconds (58.89 work units)
Optimal objective  1.163851077e+03
Time wiggle minimization: 80788ms
