Number of nodes: 75662
Number of hierarchical edges: 75540
Number of temporal edges: 71965
Number of time steps: 122
Number of levels: 9
Time crossing minimization: 1245ms
Number of crossings: 10214
Set parameter TokenServer to value "clustermaster.ac.tuwien.ac.at"
Set parameter MemLimit to value 8
Set parameter Threads to value 1
Gurobi Optimizer version 11.0.2 build v11.0.2rc0 (linux64 - "Ubuntu 18.04.6 LTS")

CPU model: Intel(R) Xeon(R) CPU E5-2640 v4 @ 2.40GHz, instruction set [SSE2|AVX|AVX2]
Thread count: 20 physical cores, 20 logical processors, using up to 1 threads

Optimize a model with 229866 rows, 147627 columns and 603662 nonzeros
Model fingerprint: 0x52a5ac8f
Coefficient statistics:
  Matrix range     [1e+00, 1e+00]
  Objective range  [1e+00, 1e+00]
  Bounds range     [1e-11, 2e+00]
  RHS range        [4e-05, 2e+00]
Presolve removed 3448 rows and 990 columns
Presolve time: 0.41s
Presolved: 226418 rows, 148945 columns, 599072 nonzeros

Iteration    Objective       Primal Inf.    Dual Inf.      Time
       0    0.0000000e+00   2.051084e+03   0.000000e+00      1s
   56111    3.5852826e+01   5.211572e+03   0.000000e+00      5s
   87282    2.3462782e+02   1.225096e+03   0.000000e+00     10s
   94564    3.5217930e+02   1.129349e+03   0.000000e+00     15s
  101767    4.3406249e+02   9.425714e+02   0.000000e+00     20s
  109185    4.8907118e+02   6.876404e+02   0.000000e+00     25s
  116431    5.2481315e+02   4.750744e+02   0.000000e+00     30s
  125557    5.5082195e+02   4.295876e+02   0.000000e+00     35s
  133390    5.6703855e+02   2.373607e+02   0.000000e+00     40s
  143709    5.8378684e+02   1.293775e+02   0.000000e+00     45s
  153333    5.9372162e+02   1.324002e+02   0.000000e+00     50s
  167006    6.0289390e+02   5.053789e+01   0.000000e+00     55s
  191671    6.0839952e+02   6.351547e+00   0.000000e+00     60s
  215281    6.0908715e+02   1.726385e-01   0.000000e+00     65s
  221083    6.0892422e+02   0.000000e+00   0.000000e+00     68s

Solved in 221083 iterations and 68.10 seconds (48.55 work units)
Optimal objective  6.089242185e+02
Time wiggle minimization: 68679ms
