Number of nodes: 75662
Number of hierarchical edges: 75540
Number of temporal edges: 71965
Number of time steps: 122
Number of levels: 9
Time crossing minimization: 1087ms
Number of crossings: 10214
Set parameter TokenServer to value "clustermaster.ac.tuwien.ac.at"
Set parameter MemLimit to value 8
Set parameter Threads to value 1
Gurobi Optimizer version 11.0.2 build v11.0.2rc0 (linux64 - "Ubuntu 18.04.6 LTS")

CPU model: Intel(R) Xeon(R) CPU E5-2640 v4 @ 2.40GHz, instruction set [SSE2|AVX|AVX2]
Thread count: 20 physical cores, 20 logical processors, using up to 1 threads

Optimize a model with 229866 rows, 147627 columns and 603662 nonzeros
Model fingerprint: 0x49b41d59
Coefficient statistics:
  Matrix range     [1e+00, 1e+00]
  Objective range  [5e-09, 4e+00]
  Bounds range     [1e-11, 2e+00]
  RHS range        [4e-05, 2e+00]
Presolve removed 3448 rows and 990 columns
Presolve time: 0.39s
Presolved: 226418 rows, 148945 columns, 599072 nonzeros

Iteration    Objective       Primal Inf.    Dual Inf.      Time
       0    0.0000000e+00   2.051084e+03   0.000000e+00      1s
   94804    1.1075846e+01   3.810088e+03   0.000000e+00      5s
  150698    1.9784185e+01   6.456401e+01   0.000000e+00     10s
  179143    1.8722413e+01   0.000000e+00   1.059125e+02     15s
  183275    1.8719404e+01   0.000000e+00   3.248379e+01     20s
  187998    1.8719390e+01   0.000000e+00   2.237568e+01     25s
  195215    1.8719378e+01   0.000000e+00   6.879567e+00     30s
  206069    1.8719373e+01   0.000000e+00   8.645007e-03     35s
  208530    1.8719380e+01   0.000000e+00   0.000000e+00     36s

Solved in 208530 iterations and 36.12 seconds (29.26 work units)
Optimal objective  1.871937994e+01
Time wiggle minimization: 36615ms
