Number of nodes: 75662
Number of hierarchical edges: 75540
Number of temporal edges: 71965
Number of time steps: 122
Number of levels: 9
Time crossing minimization: 1227ms
Number of crossings: 10214
Set parameter TokenServer to value "clustermaster.ac.tuwien.ac.at"
Set parameter MemLimit to value 8
Set parameter Threads to value 1
Gurobi Optimizer version 11.0.2 build v11.0.2rc0 (linux64 - "Ubuntu 18.04.6 LTS")

CPU model: Intel(R) Xeon(R) CPU E5-2640 v4 @ 2.40GHz, instruction set [SSE2|AVX|AVX2]
Thread count: 20 physical cores, 20 logical processors, using up to 1 threads

Optimize a model with 229866 rows, 147627 columns and 603662 nonzeros
Model fingerprint: 0xf5c63974
Coefficient statistics:
  Matrix range     [1e+00, 1e+00]
  Objective range  [1e-09, 4e+00]
  Bounds range     [3e-12, 2e+00]
  RHS range        [1e-05, 2e+00]
Presolve removed 3448 rows and 990 columns
Presolve time: 0.42s
Presolved: 226418 rows, 148945 columns, 599072 nonzeros

Iteration    Objective       Primal Inf.    Dual Inf.      Time
       0    0.0000000e+00   1.832301e+03   0.000000e+00      1s
   70269    3.5555077e+00   4.079023e+03   0.000000e+00      5s
  173531    1.0400169e+01   2.636590e-02   0.000000e+00     10s
  182108    9.2198226e+00   0.000000e+00   8.373206e+00     15s
  194765    9.2198101e+00   0.000000e+00   1.199312e+00     20s
  205309    9.2198111e+00   0.000000e+00   0.000000e+00     22s

Solved in 205309 iterations and 22.39 seconds (22.65 work units)
Optimal objective  9.219811054e+00
Time wiggle minimization: 22879ms
