Number of nodes: 6246
Number of hierarchical edges: 6145
Number of temporal edges: 6209
Number of time steps: 101
Number of levels: 6
Set parameter TokenServer to value "clustermaster.ac.tuwien.ac.at"
Set parameter MemLimit to value 8
Set parameter Threads to value 1
Set parameter TimeLimit to value 565.501054372
Gurobi Optimizer version 11.0.2 build v11.0.2rc0 (linux64 - "Ubuntu 18.04.6 LTS")

CPU model: Intel(R) Xeon(R) CPU E5-2640 v4 @ 2.40GHz, instruction set [SSE2|AVX|AVX2]
Thread count: 20 physical cores, 20 logical processors, using up to 1 threads

Optimize a model with 8075072 rows, 345020 columns and 22707124 nonzeros
Model fingerprint: 0x721d98a3
Variable types: 0 continuous, 345020 integer (345020 binary)
Coefficient statistics:
  Matrix range     [1e+00, 1e+00]
  Objective range  [1e+00, 1e+00]
  Bounds range     [1e+00, 1e+00]
  RHS range        [1e+00, 1e+00]
Found heuristic solution: objective 1416.0000000
Presolve removed 1305016 rows and 0 columns (presolve time = 5s) ...
Presolve removed 4416156 rows and 104107 columns (presolve time = 10s) ...
Presolve removed 6855466 rows and 104107 columns
Presolve time: 12.84s
Presolved: 1219606 rows, 240913 columns, 3658818 nonzeros
Extracted 846510 lazy constraints
Variable types: 0 continuous, 240913 integer (240913 binary)
Found heuristic solution: objective 1415.0000000
Root relaxation presolved: 109112 rows, 108172 columns, 327336 nonzeros


Root simplex log...

Iteration    Objective       Primal Inf.    Dual Inf.      Time
       0    0.0000000e+00   5.830000e+02   0.000000e+00     26s
   32386    1.2602502e-02   2.225000e+02   0.000000e+00     30s
   35798    0.0000000e+00   0.000000e+00   0.000000e+00     31s
   35798    0.0000000e+00   0.000000e+00   0.000000e+00     31s

Use crossover to convert LP symmetric solution to basic solution...

Root crossover log...

       0 DPushes remaining with DInf 0.0000000e+00                31s

   43544 PPushes remaining with PInf 0.0000000e+00                31s
       0 PPushes remaining with PInf 0.0000000e+00                31s

  Push phase complete: Pinf 0.0000000e+00, Dinf 0.0000000e+00     31s


Root simplex log...

Iteration    Objective       Primal Inf.    Dual Inf.      Time
   79345    0.0000000e+00   0.000000e+00   0.000000e+00     31s
   79345    0.0000000e+00   0.000000e+00   0.000000e+00     31s

Root relaxation: objective 0.000000e+00, 79345 iterations, 4.86 seconds (2.48 work units)
Total elapsed time = 30.91s (DegenMoves)

    Nodes    |    Current Node    |     Objective Bounds      |     Work
 Expl Unexpl |  Obj  Depth IntInf | Incumbent    BestBd   Gap | It/Node Time

     0     0    0.00000    0 43547 1415.00000    0.00000   100%     -   33s
     0     0  165.16667    0 42821 1415.00000  165.16667  88.3%     -   38s
     0     0  282.66667    0 43018 1415.00000  282.66667  80.0%     -   43s
     0     0  284.87500    0 43018 1415.00000  284.87500  79.9%     -   45s
     0     0  285.16667    0 43107 1415.00000  285.16667  79.8%     -   45s
     0     0  298.41667    0 43016 1415.00000  298.41667  78.9%     -   50s
     0     0  299.87500    0 43076 1415.00000  299.87500  78.8%     -   52s
     0     0  300.37500    0 43001 1415.00000  300.37500  78.8%     -   52s
     0     0  300.37500    0 43077 1415.00000  300.37500  78.8%     -   52s
     0     0  305.96528    0 43283 1415.00000  305.96528  78.4%     -   57s
     0     0  308.05556    0 43596 1415.00000  308.05556  78.2%     -   59s
     0     0  308.26190    0 43705 1415.00000  308.26190  78.2%     -   59s
     0     0  308.34398    0 43548 1415.00000  308.34398  78.2%     -   60s
     0     0  308.35847    0 43540 1415.00000  308.35847  78.2%     -   60s
     0     0  314.93750    0 43326 1415.00000  314.93750  77.7%     -   63s
     0     0  315.30263    0 43047 1415.00000  315.30263  77.7%     -   66s
     0     0  315.35417    0 43083 1415.00000  315.35417  77.7%     -   66s
     0     0  320.91780    0 43372 1415.00000  320.91780  77.3%     -   70s
     0     0  321.96944    0 43525 1415.00000  321.96944  77.2%     -   73s
     0     0  322.02833    0 43522 1415.00000  322.02833  77.2%     -   74s
     0     0  325.67738    0 43198 1415.00000  325.67738  77.0%     -   77s
     0     0  326.47200    0 43573 1415.00000  326.47200  76.9%     -   79s
     0     0  326.67834    0 43577 1415.00000  326.67834  76.9%     -   81s
     0     0  326.88776    0 43566 1415.00000  326.88776  76.9%     -   82s
     0     0  326.92917    0 43479 1415.00000  326.92917  76.9%     -   83s
     0     0  330.90549    0 42840 1415.00000  330.90549  76.6%     -   86s
     0     0  332.11667    0 42692 1415.00000  332.11667  76.5%     -   88s
     0     0  332.39295    0 42801 1415.00000  332.39295  76.5%     -   90s
     0     0  332.45556    0 42779 1415.00000  332.45556  76.5%     -   90s
     0     0  335.66875    0 43242 1415.00000  335.66875  76.3%     -   95s
     0     0  336.63948    0 43218 1415.00000  336.63948  76.2%     -   98s
     0     0  336.92917    0 43186 1415.00000  336.92917  76.2%     -   99s
     0     0  337.03333    0 42852 1415.00000  337.03333  76.2%     -  100s
     0     0  337.14048    0 43470 1415.00000  337.14048  76.2%     -  102s
     0     0  337.14571    0 43479 1415.00000  337.14571  76.2%     -  102s
     0     0  338.70000    0 42969 1415.00000  338.70000  76.1%     -  105s
     0     0  339.73628    0 43163 1415.00000  339.73628  76.0%     -  108s
     0     0  340.14556    0 43146 1415.00000  340.14556  76.0%     -  109s
     0     0  340.17292    0 43107 1415.00000  340.17292  76.0%     -  109s
     0     0  341.88526    0 42856 1415.00000  341.88526  75.8%     -  112s
     0     0  343.08226    0 42738 1415.00000  343.08226  75.8%     -  114s
     0     0  343.51359    0 42935 1415.00000  343.51359  75.7%     -  115s
     0     0  343.59601    0 42906 1415.00000  343.59601  75.7%     -  115s
     0     0  347.25069    0 43384 1415.00000  347.25069  75.5%     -  119s
     0     0  347.97610    0 43185 1415.00000  347.97610  75.4%     -  121s
     0     0  348.42554    0 43478 1415.00000  348.42554  75.4%     -  122s
     0     0  348.66667    0 43463 1415.00000  348.66667  75.4%     -  124s
     0     0  348.72157    0 43585 1415.00000  348.72157  75.4%     -  126s
     0     0  350.52263    0 43486 1415.00000  350.52263  75.2%     -  129s
     0     0  350.52263    0 43486 1415.00000  350.52263  75.2%     -  130s
     0     0  350.86255    0 43790 1415.00000  350.86255  75.2%     -  132s
     0     0  351.07938    0 43770 1415.00000  351.07938  75.2%     -  134s
     0     0  351.16626    0 43822 1415.00000  351.16626  75.2%     -  136s
     0     0  353.51537    0 43958 1415.00000  353.51537  75.0%     -  139s
     0     0  353.51537    0 43958 1415.00000  353.51537  75.0%     -  140s
     0     0  354.66091    0 44115 1415.00000  354.66091  74.9%     -  142s
     0     0  355.14964    0 44176 1415.00000  355.14964  74.9%     -  144s
     0     0  355.25218    0 44057 1415.00000  355.25218  74.9%     -  146s
     0     0  355.28081    0 44034 1415.00000  355.28081  74.9%     -  147s
     0     0  358.54444    0 43430 1415.00000  358.54444  74.7%     -  150s
     0     0  358.68564    0 43547 1415.00000  358.68564  74.7%     -  152s
     0     0  358.70556    0 43402 1415.00000  358.70556  74.6%     -  152s
     0     0  361.76944    0 43736 1415.00000  361.76944  74.4%     -  155s
     0     0  363.03655    0 43821 1415.00000  363.03655  74.3%     -  158s
     0     0  363.55797    0 43819 1415.00000  363.55797  74.3%     -  159s
     0     0  363.55903    0 43835 1415.00000  363.55903  74.3%     -  159s
     0     0  365.16667    0 43692 1415.00000  365.16667  74.2%     -  163s
     0     0  366.09167    0 43891 1415.00000  366.09167  74.1%     -  166s
     0     0  366.16667    0 43445 1415.00000  366.16667  74.1%     -  167s
     0     0  369.36111    0 43839 1415.00000  369.36111  73.9%     -  170s
     0     0  370.01280    0 44491 1415.00000  370.01280  73.9%     -  172s
     0     0  370.28611    0 43989 1415.00000  370.28611  73.8%     -  174s
     0     0  370.38465    0 44032 1415.00000  370.38465  73.8%     -  175s
     0     0  370.90278    0 42288 1415.00000  370.90278  73.8%     -  178s
     0     0  370.93611    0 43146 1415.00000  370.93611  73.8%     -  180s
     0     0  372.88194    0 42856 1415.00000  372.88194  73.6%     -  182s
     0     0  373.66667    0 42927 1415.00000  373.66667  73.6%     -  185s
     0     0  373.75000    0 42211 1415.00000  373.75000  73.6%     -  186s
     0     0  377.23611    0 43425 1415.00000  377.23611  73.3%     -  189s
     0     0  377.23611    0 43425 1415.00000  377.23611  73.3%     -  190s
     0     0  377.67708    0 43333 1415.00000  377.67708  73.3%     -  192s
     0     0  378.25794    0 43779 1415.00000  378.25794  73.3%     -  194s
     0     0  378.39068    0 43539 1415.00000  378.39068  73.3%     -  196s
     0     0  378.49437    0 43783 1415.00000  378.49437  73.3%     -  198s
     0     0  380.23724    0 44366 1415.00000  380.23724  73.1%     -  204s
     0     0  380.23724    0 44366 1415.00000  380.23724  73.1%     -  205s
     0     0  380.60897    0 43824 1415.00000  380.60897  73.1%     -  209s
     0     0  380.74651    0 43096 1415.00000  380.74651  73.1%     -  211s
     0     0  380.82829    0 44150 1415.00000  380.82829  73.1%     -  211s
     0     0  381.96129    0 44086 1415.00000  381.96129  73.0%     -  217s
     0     0  382.23380    0 44084 1415.00000  382.23380  73.0%     -  220s
     0     0  382.30114    0 43996 1415.00000  382.30114  73.0%     -  221s
     0     0  383.12935    0 43701 1415.00000  383.12935  72.9%     -  225s
     0     0  383.25000    0 42427 1415.00000  383.25000  72.9%     -  226s
     0     0  383.25000    0 42438 1415.00000  383.25000  72.9%     -  227s
     0     0  385.20290    0 44264 1415.00000  385.20290  72.8%     -  232s
     0     0  386.28967    0 44462 1415.00000  386.28967  72.7%     -  235s
     0     0  386.56944    0 43585 1415.00000  386.56944  72.7%     -  236s
     0     0  386.77083    0 43996 1415.00000  386.77083  72.7%     -  237s
     0     0  386.78484    0 44459 1415.00000  386.78484  72.7%     -  237s
     0     0  387.22955    0 43973 1415.00000  387.22955  72.6%     -  240s
     0     0  387.53916    0 43961 1415.00000  387.53916  72.6%     -  242s
     0     0  387.67398    0 43736 1415.00000  387.67398  72.6%     -  243s
     0     0  387.71528    0 43697 1415.00000  387.71528  72.6%     -  245s
     0     0  388.75000    0 42237 1415.00000  388.75000  72.5%     -  247s
     0     0  389.06200    0 44445 1415.00000  389.06200  72.5%     -  249s
     0     0  389.19237    0 44051 1415.00000  389.19237  72.5%     -  250s
     0     0  389.23177    0 44082 1415.00000  389.23177  72.5%     -  250s
     0     0  390.47242    0 44723 1415.00000  390.47242  72.4%     -  254s
     0     0  390.47242    0 44723 1415.00000  390.47242  72.4%     -  255s
     0     0  390.78333    0 42978 1415.00000  390.78333  72.4%     -  257s
     0     0  390.78333    0 42978 1415.00000  390.78333  72.4%     -  257s
     0     0  393.50738    0 43960 1415.00000  393.50738  72.2%     -  261s
     0     0  394.74554    0 44251 1415.00000  394.74554  72.1%     -  269s
     0     0  394.87582    0 44178 1415.00000  394.87582  72.1%     -  273s
     0     0  394.90852    0 44502 1415.00000  394.90852  72.1%     -  274s
     0     0  394.98373    0 44496 1415.00000  394.98373  72.1%     -  276s
     0     0  394.98876    0 44194 1415.00000  394.98876  72.1%     -  277s
     0     0  394.99136    0 44489 1415.00000  394.99136  72.1%     -  277s
     0     0  394.99967    0 41694 1415.00000  394.99967  72.1%     -  284s
     0     0  394.99967    0 41694 1415.00000  394.99967  72.1%     -  285s
     0     0  394.99967    0 41694 1415.00000  394.99967  72.1%     -  290s
     0     0  394.99967    0 41533 1415.00000  394.99967  72.1%     -  296s
     0     2  394.99967    0 41533 1415.00000  394.99967  72.1%     -  297s
     2     4  395.56940    1 41496 1415.00000  395.56940  72.0%  9574  303s
     3     5  454.00000    2  388 1415.00000  454.00000  67.9%  6383  360s
*    4     0               2     454.0000000  454.00000  0.00%  4788  400s

Cutting planes:
  Gomory: 1
  MIR: 10
  Zero half: 73
  RLT: 2
  Lazy constraints: 871

Explored 5 nodes (286168 simplex iterations) in 400.94 seconds (149.97 work units)
Thread count was 1 (of 20 available processors)

Solution count 3: 454 1415 1416 

Optimal solution found (tolerance 1.00e-04)
Best objective 4.540000000000e+02, best bound 4.540000000000e+02, gap 0.0000%
Time crossing minimization: 450519ms
Number of crossings: 454
Set parameter TokenServer to value "clustermaster.ac.tuwien.ac.at"
Set parameter MemLimit to value 8
Set parameter Threads to value 1
Gurobi Optimizer version 11.0.2 build v11.0.2rc0 (linux64 - "Ubuntu 18.04.6 LTS")

CPU model: Intel(R) Xeon(R) CPU E5-2640 v4 @ 2.40GHz, instruction set [SSE2|AVX|AVX2]
Thread count: 20 physical cores, 20 logical processors, using up to 1 threads

Optimize a model with 19233 rows, 12455 columns and 50884 nonzeros
Model fingerprint: 0xf5791288
Coefficient statistics:
  Matrix range     [1e+00, 1e+00]
  Objective range  [1e+00, 1e+00]
  Bounds range     [5e-05, 2e+00]
  RHS range        [3e-04, 2e+00]
Presolve removed 113 rows and 0 columns
Presolve time: 0.04s
Presolved: 19120 rows, 12568 columns, 50771 nonzeros

Iteration    Objective       Primal Inf.    Dual Inf.      Time
       0    0.0000000e+00   3.006228e+02   0.000000e+00      0s
   22401    3.5783279e+01   0.000000e+00   0.000000e+00      1s

Solved in 22401 iterations and 1.14 seconds (0.73 work units)
Optimal objective  3.578327880e+01
Time wiggle minimization: 1199ms
