Number of nodes: 6246
Number of hierarchical edges: 6145
Number of temporal edges: 6209
Number of time steps: 101
Number of levels: 6
Time crossing minimization: 89ms
Number of crossings: 587
Set parameter TokenServer to value "clustermaster.ac.tuwien.ac.at"
Set parameter MemLimit to value 8
Set parameter Threads to value 1
Gurobi Optimizer version 11.0.2 build v11.0.2rc0 (linux64 - "Ubuntu 18.04.6 LTS")

CPU model: Intel(R) Xeon(R) CPU E5-2640 v4 @ 2.40GHz, instruction set [SSE2|AVX|AVX2]
Thread count: 20 physical cores, 20 logical processors, using up to 1 threads

Optimize a model with 19233 rows, 12455 columns and 50884 nonzeros
Model fingerprint: 0xb60402da
Coefficient statistics:
  Matrix range     [1e+00, 1e+00]
  Objective range  [1e+00, 1e+00]
  Bounds range     [8e-06, 2e+00]
  RHS range        [4e-05, 2e+00]
Presolve removed 113 rows and 0 columns
Presolve time: 0.04s
Presolved: 19120 rows, 12568 columns, 50771 nonzeros

Iteration    Objective       Primal Inf.    Dual Inf.      Time
       0    0.0000000e+00   4.624020e+02   0.000000e+00      0s
   23985    4.1726080e+01   0.000000e+00   0.000000e+00      1s

Solved in 23985 iterations and 1.16 seconds (0.78 work units)
Optimal objective  4.172608010e+01
Time wiggle minimization: 1208ms
