Number of nodes: 31857
Number of hierarchical edges: 31814
Number of temporal edges: 30695
Number of time steps: 43
Number of levels: 3
Time crossing minimization: 619ms
Number of crossings: 36279
Set parameter TokenServer to value "clustermaster.ac.tuwien.ac.at"
Set parameter MemLimit to value 8
Set parameter Threads to value 1
Gurobi Optimizer version 11.0.2 build v11.0.2rc0 (linux64 - "Ubuntu 18.04.6 LTS")

CPU model: Intel(R) Xeon(R) CPU E5-2640 v4 @ 2.40GHz, instruction set [SSE2|AVX|AVX2]
Thread count: 20 physical cores, 20 logical processors, using up to 1 threads

Optimize a model with 93888 rows, 62552 columns and 249166 nonzeros
Model fingerprint: 0x90d1ad91
Coefficient statistics:
  Matrix range     [1e+00, 1e+00]
  Objective range  [3e-08, 4e+00]
  Bounds range     [1e-08, 2e+00]
  RHS range        [1e-05, 2e+00]
Presolve removed 222 rows and 200 columns
Presolve time: 0.19s
Presolved: 93666 rows, 62374 columns, 248744 nonzeros

Iteration    Objective       Primal Inf.    Dual Inf.      Time
       0    0.0000000e+00   2.024763e+03   0.000000e+00      0s
   60606    1.7303745e+01   5.251166e+02   0.000000e+00      5s
  108866    1.8024971e+01   0.000000e+00   0.000000e+00      9s

Solved in 108866 iterations and 9.00 seconds (6.89 work units)
Optimal objective  1.802497087e+01
Time wiggle minimization: 9255ms
