Number of nodes: 108867
Number of hierarchical edges: 108824
Number of temporal edges: 102916
Number of time steps: 43
Number of levels: 4
Time crossing minimization: 2185ms
Number of crossings: 205579
Set parameter TokenServer to value "clustermaster.ac.tuwien.ac.at"
Set parameter MemLimit to value 8
Set parameter Threads to value 1
Gurobi Optimizer version 11.0.2 build v11.0.2rc0 (linux64 - "Ubuntu 18.04.6 LTS")

CPU model: Intel(R) Xeon(R) CPU E5-2640 v4 @ 2.40GHz, instruction set [SSE2|AVX|AVX2]
Thread count: 20 physical cores, 20 logical processors, using up to 1 threads

Optimize a model with 320263 rows, 211783 columns and 846358 nonzeros
Model fingerprint: 0xef0d22d1
Coefficient statistics:
  Matrix range     [1e+00, 1e+00]
  Objective range  [7e-12, 4e+00]
  Bounds range     [4e-12, 2e+00]
  RHS range        [1e-05, 2e+00]
Presolve removed 1293 rows and 831 columns
Presolve time: 1.67s
Presolved: 318970 rows, 211382 columns, 844164 nonzeros

Iteration    Objective       Primal Inf.    Dual Inf.      Time
       0    0.0000000e+00   2.908405e+03   0.000000e+00      2s
   53126    7.0066415e-01   1.676018e+04   0.000000e+00      5s
   79576    1.1693354e+00   1.357940e+04   0.000000e+00     10s
  143412    1.6419756e+01   9.452090e+03   0.000000e+00     15s
  173395    1.9094717e+01   9.513751e+03   0.000000e+00     20s
  187004    1.9767196e+01   7.638469e+03   0.000000e+00     25s
  203188    2.0359363e+01   5.966139e+03   0.000000e+00     30s
  225079    2.1116805e+01   2.268486e+03   0.000000e+00     35s
  237843    2.1405492e+01   2.379257e+03   0.000000e+00     40s
  251326    2.1578394e+01   1.230264e+03   0.000000e+00     45s
  270837    2.1643447e+01   1.209705e+03   0.000000e+00     50s
  289815    2.1682746e+01   5.618807e+02   0.000000e+00     55s
  312963    2.1695991e+01   3.010133e+01   0.000000e+00     60s
  344356    1.9888474e+01   0.000000e+00   2.831575e+01     65s
  363047    1.9888269e+01   0.000000e+00   0.000000e+00     69s

Solved in 363047 iterations and 68.55 seconds (48.81 work units)
Optimal objective  1.988826869e+01
Time wiggle minimization: 69283ms
