Number of nodes: 108867
Number of hierarchical edges: 108824
Number of temporal edges: 102916
Number of time steps: 43
Number of levels: 4
Time crossing minimization: 2022ms
Number of crossings: 205579
Set parameter TokenServer to value "clustermaster.ac.tuwien.ac.at"
Set parameter MemLimit to value 8
Set parameter Threads to value 1
Gurobi Optimizer version 11.0.2 build v11.0.2rc0 (linux64 - "Ubuntu 18.04.6 LTS")

CPU model: Intel(R) Xeon(R) CPU E5-2640 v4 @ 2.40GHz, instruction set [SSE2|AVX|AVX2]
Thread count: 20 physical cores, 20 logical processors, using up to 1 threads

Optimize a model with 320263 rows, 211783 columns and 846358 nonzeros
Model fingerprint: 0x065284d2
Coefficient statistics:
  Matrix range     [1e+00, 1e+00]
  Objective range  [3e-11, 4e+00]
  Bounds range     [1e-11, 2e+00]
  RHS range        [4e-05, 2e+00]
Presolve removed 1293 rows and 831 columns
Presolve time: 1.54s
Presolved: 318970 rows, 211382 columns, 844164 nonzeros

Iteration    Objective       Primal Inf.    Dual Inf.      Time
       0    0.0000000e+00   4.128026e+03   0.000000e+00      2s
   56199    8.2845845e-01   1.685269e+04   0.000000e+00      5s
   75369    1.2881077e+00   1.393255e+04   0.000000e+00     10s
  109207    2.1270322e+01   1.879340e+04   0.000000e+00     15s
  143494    3.7184708e+01   1.258284e+04   0.000000e+00     20s
  161378    3.9645564e+01   5.251146e+03   0.000000e+00     25s
  174629    4.1550482e+01   6.545038e+03   0.000000e+00     30s
  184453    4.3367578e+01   5.613946e+03   0.000000e+00     35s
  196087    4.4641116e+01   1.328263e+04   0.000000e+00     40s
  208301    4.5947204e+01   2.825294e+03   0.000000e+00     45s
  220663    4.6914412e+01   3.154933e+03   0.000000e+00     50s
  231392    4.8091781e+01   2.625848e+03   0.000000e+00     55s
  243562    4.8678324e+01   1.915202e+03   0.000000e+00     60s
  255378    4.8995700e+01   1.671116e+03   0.000000e+00     65s
  270757    4.9260931e+01   1.312692e+03   0.000000e+00     70s
  283933    4.9470281e+01   5.742363e+02   0.000000e+00     75s
  307393    4.9795222e+01   2.392895e+02   0.000000e+00     80s
  325255    4.9920934e+01   1.469300e+02   0.000000e+00     85s
  354422    4.9984272e+01   7.295754e+00   0.000000e+00     90s
  381584    4.8372865e+01   0.000000e+00   0.000000e+00     94s

Solved in 381584 iterations and 93.62 seconds (62.16 work units)
Optimal objective  4.837286533e+01
Time wiggle minimization: 94330ms
