Number of nodes: 31857
Number of hierarchical edges: 31814
Number of temporal edges: 30695
Number of time steps: 43
Number of levels: 3
Time crossing minimization: 636ms
Number of crossings: 36279
Set parameter TokenServer to value "clustermaster.ac.tuwien.ac.at"
Set parameter MemLimit to value 8
Set parameter Threads to value 1
Gurobi Optimizer version 11.0.2 build v11.0.2rc0 (linux64 - "Ubuntu 18.04.6 LTS")

CPU model: Intel(R) Xeon(R) CPU E5-2640 v4 @ 2.40GHz, instruction set [SSE2|AVX|AVX2]
Thread count: 20 physical cores, 20 logical processors, using up to 1 threads

Optimize a model with 93888 rows, 62552 columns and 249166 nonzeros
Model fingerprint: 0x822c7c6b
Coefficient statistics:
  Matrix range     [1e+00, 1e+00]
  Objective range  [1e+00, 1e+00]
  Bounds range     [2e-08, 2e+00]
  RHS range        [2e-05, 2e+00]
Presolve removed 222 rows and 200 columns
Presolve time: 0.17s
Presolved: 93666 rows, 62374 columns, 248744 nonzeros

Iteration    Objective       Primal Inf.    Dual Inf.      Time
       0    0.0000000e+00   2.160661e+03   0.000000e+00      0s
   42008    2.2771269e+02   8.944296e+02   0.000000e+00      5s
   61832    4.1450028e+02   1.106474e+03   0.000000e+00     10s
   77573    5.7009286e+02   8.620421e+02   0.000000e+00     15s
   89411    7.0135119e+02   3.055699e+02   0.000000e+00     20s
  107238    7.8389683e+02   7.987463e+01   0.000000e+00     25s
  124016    8.0893475e+02   0.000000e+00   0.000000e+00     30s

Solved in 124016 iterations and 29.58 seconds (25.23 work units)
Optimal objective  8.089347524e+02
Time wiggle minimization: 29826ms
