Number of nodes: 31857
Number of hierarchical edges: 31814
Number of temporal edges: 30695
Number of time steps: 43
Number of levels: 3
Time crossing minimization: 577ms
Number of crossings: 36279
Set parameter TokenServer to value "clustermaster.ac.tuwien.ac.at"
Set parameter MemLimit to value 8
Set parameter Threads to value 1
Gurobi Optimizer version 11.0.2 build v11.0.2rc0 (linux64 - "Ubuntu 18.04.6 LTS")

CPU model: Intel(R) Xeon(R) CPU E5-2640 v4 @ 2.40GHz, instruction set [SSE2|AVX|AVX2]
Thread count: 20 physical cores, 20 logical processors, using up to 1 threads

Optimize a model with 93888 rows, 62552 columns and 249166 nonzeros
Model fingerprint: 0x4fe5403f
Coefficient statistics:
  Matrix range     [1e+00, 1e+00]
  Objective range  [5e-08, 4e+00]
  Bounds range     [2e-08, 2e+00]
  RHS range        [2e-05, 2e+00]
Presolve removed 222 rows and 200 columns
Presolve time: 0.18s
Presolved: 93666 rows, 62374 columns, 248744 nonzeros

Iteration    Objective       Primal Inf.    Dual Inf.      Time
       0    0.0000000e+00   2.160661e+03   0.000000e+00      0s
   64610    2.5602203e+01   5.445351e+02   0.000000e+00      5s
  109215    2.6481370e+01   0.000000e+00   0.000000e+00      8s

Solved in 109215 iterations and 8.10 seconds (6.72 work units)
Optimal objective  2.648136951e+01
Time wiggle minimization: 8347ms
