Number of nodes: 108867
Number of hierarchical edges: 108824
Number of temporal edges: 102916
Number of time steps: 43
Number of levels: 4
Time crossing minimization: 1997ms
Number of crossings: 205579
Set parameter TokenServer to value "clustermaster.ac.tuwien.ac.at"
Set parameter MemLimit to value 8
Set parameter Threads to value 1
Gurobi Optimizer version 11.0.2 build v11.0.2rc0 (linux64 - "Ubuntu 18.04.6 LTS")

CPU model: Intel(R) Xeon(R) CPU E5-2640 v4 @ 2.40GHz, instruction set [SSE2|AVX|AVX2]
Thread count: 20 physical cores, 20 logical processors, using up to 1 threads

Optimize a model with 320263 rows, 211783 columns and 846358 nonzeros
Model fingerprint: 0x78d57384
Coefficient statistics:
  Matrix range     [1e+00, 1e+00]
  Objective range  [1e-11, 4e+00]
  Bounds range     [7e-12, 2e+00]
  RHS range        [2e-05, 2e+00]
Presolve removed 1293 rows and 831 columns
Presolve time: 1.50s
Presolved: 318970 rows, 211382 columns, 844164 nonzeros

Iteration    Objective       Primal Inf.    Dual Inf.      Time
       0    0.0000000e+00   3.388941e+03   0.000000e+00      2s
   55746    7.8510542e-01   1.668191e+04   0.000000e+00      5s
   79996    1.2655068e+00   1.323146e+04   0.000000e+00     10s
  139545    2.3763733e+01   8.955437e+03   0.000000e+00     15s
  170937    2.7016491e+01   4.038886e+03   0.000000e+00     20s
  189123    2.8609336e+01   3.550075e+03   0.000000e+00     25s
  201509    2.9196299e+01   2.910466e+03   0.000000e+00     30s
  214184    2.9715413e+01   1.617151e+03   0.000000e+00     35s
  230371    3.0462910e+01   1.555215e+03   0.000000e+00     40s
  244200    3.0831182e+01   1.962804e+03   0.000000e+00     45s
  260565    3.1026757e+01   6.622898e+02   0.000000e+00     50s
  268809    3.1067174e+01   1.203628e+03   0.000000e+00     55s
  275893    3.1119494e+01   1.846738e+03   0.000000e+00     60s
  287584    3.1161870e+01   1.892345e+03   0.000000e+00     65s
  303282    3.1242528e+01   1.192156e+02   0.000000e+00     70s
  330315    3.1274427e+01   1.574288e+01   0.000000e+00     75s
  353290    2.9536810e+01   0.000000e+00   2.308738e+01     80s
  369079    2.9536593e+01   0.000000e+00   0.000000e+00     83s

Solved in 369079 iterations and 83.33 seconds (57.00 work units)
Optimal objective  2.953659295e+01
Time wiggle minimization: 84032ms
