Number of nodes: 147843
Number of hierarchical edges: 147800
Number of temporal edges: 138841
Number of time steps: 43
Number of levels: 9
Time crossing minimization: 2637ms
Number of crossings: 462031
Set parameter TokenServer to value "clustermaster.ac.tuwien.ac.at"
Set parameter MemLimit to value 8
Set parameter Threads to value 1
Gurobi Optimizer version 11.0.2 build v11.0.2rc0 (linux64 - "Ubuntu 18.04.6 LTS")

CPU model: Intel(R) Xeon(R) CPU E5-2640 v4 @ 2.40GHz, instruction set [SSE2|AVX|AVX2]
Thread count: 20 physical cores, 20 logical processors, using up to 1 threads

Optimize a model with 435922 rows, 286684 columns and 1149526 nonzeros
Model fingerprint: 0x552530f8
Coefficient statistics:
  Matrix range     [1e+00, 1e+00]
  Objective range  [6e-12, 4e+00]
  Bounds range     [3e-12, 2e+00]
  RHS range        [9e-06, 2e+00]
Presolve removed 2170 rows and 1283 columns
Presolve time: 2.18s
Presolved: 433752 rows, 286205 columns, 1145952 nonzeros

Iteration    Objective       Primal Inf.    Dual Inf.      Time
       0    0.0000000e+00   2.856162e+03   0.000000e+00      2s
   48396    5.8106543e-01   2.358987e+04   0.000000e+00      6s
   74956    1.0237183e+00   2.066878e+04   0.000000e+00     10s
   94066    1.3392320e+00   1.984216e+04   0.000000e+00     15s
  109646    1.5975756e+00   1.915129e+04   0.000000e+00     21s
  184787    1.2398936e+01   1.943521e+04   0.000000e+00     25s
  205071    1.4335137e+01   1.610866e+04   0.000000e+00     30s
  230464    1.7068606e+01   1.114123e+04   0.000000e+00     35s
  245131    1.7504727e+01   2.428411e+04   0.000000e+00     40s
  259728    1.8105586e+01   8.716745e+03   0.000000e+00     45s
  277500    1.8802294e+01   7.887196e+03   0.000000e+00     50s
  288775    1.9011963e+01   6.328966e+03   0.000000e+00     55s
  296858    1.9152213e+01   3.634602e+03   0.000000e+00     60s
  313257    1.9625204e+01   1.501702e+03   0.000000e+00     65s
  332439    1.9800227e+01   1.527869e+03   0.000000e+00     70s
  343345    1.9858676e+01   2.531095e+03   0.000000e+00     75s
  348010    1.9871044e+01   8.606711e+02   0.000000e+00     80s
  362617    1.9926725e+01   8.404202e+02   0.000000e+00     85s
  387068    1.9970973e+01   3.974124e+02   0.000000e+00     90s
  414188    1.9984218e+01   2.557412e+01   0.000000e+00     95s
  450971    1.7476315e+01   0.000000e+00   1.361642e+02    100s
  458899    1.7475470e+01   0.000000e+00   7.224448e+00    105s
  480407    1.7475430e+01   0.000000e+00   0.000000e+00    110s

Solved in 480407 iterations and 109.64 seconds (82.26 work units)
Optimal objective  1.747542988e+01
Time wiggle minimization: 110613ms
