Number of nodes: 31857
Number of hierarchical edges: 31814
Number of temporal edges: 30695
Number of time steps: 43
Number of levels: 3
Time crossing minimization: 576ms
Number of crossings: 36279
Set parameter TokenServer to value "clustermaster.ac.tuwien.ac.at"
Set parameter MemLimit to value 8
Set parameter Threads to value 1
Gurobi Optimizer version 11.0.2 build v11.0.2rc0 (linux64 - "Ubuntu 18.04.6 LTS")

CPU model: Intel(R) Xeon(R) CPU E5-2640 v4 @ 2.40GHz, instruction set [SSE2|AVX|AVX2]
Thread count: 20 physical cores, 20 logical processors, using up to 1 threads

Optimize a model with 93888 rows, 62552 columns and 249166 nonzeros
Model fingerprint: 0x52b3b8eb
Coefficient statistics:
  Matrix range     [1e+00, 1e+00]
  Objective range  [1e+00, 1e+00]
  Bounds range     [4e-08, 2e+00]
  RHS range        [4e-05, 2e+00]
Presolve removed 222 rows and 200 columns
Presolve time: 0.17s
Presolved: 93666 rows, 62374 columns, 248744 nonzeros

Iteration    Objective       Primal Inf.    Dual Inf.      Time
       0    0.0000000e+00   2.363786e+03   0.000000e+00      0s
   45774    2.8756194e+02   1.034498e+03   0.000000e+00      5s
   67050    5.5878339e+02   2.130900e+03   0.000000e+00     10s
   84903    8.1771652e+02   1.017014e+03   0.000000e+00     15s
   98295    1.0586221e+03   4.050239e+02   0.000000e+00     20s
  112407    1.1287228e+03   4.382632e+01   0.000000e+00     25s
  126634    1.1476045e+03   0.000000e+00   0.000000e+00     30s

Solved in 126634 iterations and 29.98 seconds (29.14 work units)
Optimal objective  1.147604477e+03
Time wiggle minimization: 30199ms
