Number of nodes: 2565
Number of hierarchical edges: 2516
Number of temporal edges: 2525
Number of time steps: 49
Number of levels: 3
Set parameter TokenServer to value "clustermaster.ac.tuwien.ac.at"
Set parameter MemLimit to value 8
Set parameter Threads to value 1
Set parameter TimeLimit to value 596.467954655
Gurobi Optimizer version 11.0.2 build v11.0.2rc0 (linux64 - "Ubuntu 18.04.6 LTS")

CPU model: Intel(R) Xeon(R) CPU E5-2640 v4 @ 2.40GHz, instruction set [SSE2|AVX|AVX2]
Thread count: 20 physical cores, 20 logical processors, using up to 1 threads

Optimize a model with 2500378 rows, 123315 columns and 7144190 nonzeros
Model fingerprint: 0x29c1b5de
Variable types: 0 continuous, 123315 integer (123315 binary)
Coefficient statistics:
  Matrix range     [1e+00, 1e+00]
  Objective range  [1e+00, 1e+00]
  Bounds range     [1e+00, 1e+00]
  RHS range        [1e+00, 1e+00]
Found heuristic solution: objective 2369.0000000
Presolve removed 1968418 rows and 34030 columns (presolve time = 5s) ...
Presolve removed 2041122 rows and 70382 columns
Presolve time: 6.62s
Presolved: 459256 rows, 52933 columns, 1377768 nonzeros
Extracted 406004 lazy constraints
Variable types: 0 continuous, 52933 integer (52933 binary)
Root relaxation presolved: 53252 rows, 52933 columns, 159756 nonzeros


Root simplex log...

Iteration    Objective       Primal Inf.    Dual Inf.      Time
       0    0.0000000e+00   1.830000e+02   0.000000e+00     10s
    4899    0.0000000e+00   0.000000e+00   0.000000e+00     10s
    4899    0.0000000e+00   0.000000e+00   0.000000e+00     10s

Use crossover to convert LP symmetric solution to basic solution...

Root crossover log...

   10871 PPushes remaining with PInf 0.0000000e+00                10s
       0 PPushes remaining with PInf 0.0000000e+00                10s

  Push phase complete: Pinf 0.0000000e+00, Dinf 0.0000000e+00     10s


Root simplex log...

Iteration    Objective       Primal Inf.    Dual Inf.      Time
   15773    0.0000000e+00   0.000000e+00   0.000000e+00     10s

Root relaxation: objective 0.000000e+00, 15773 iterations, 0.25 seconds (0.24 work units)
Total elapsed time = 9.89s (DegenMoves)
Total elapsed time = 10.49s (DegenMoves)

    Nodes    |    Current Node    |     Objective Bounds      |     Work
 Expl Unexpl |  Obj  Depth IntInf | Incumbent    BestBd   Gap | It/Node Time

     0     0    0.00000    0 10871 2369.00000    0.00000   100%     -   10s
     0     0    4.00000    0 10866 2369.00000    4.00000   100%     -   13s
     0     0    4.00000    0 10866 2369.00000    4.00000   100%     -   13s
*    0     0               0       4.0000000    4.00000  0.00%     -   14s

Cutting planes:
  Gomory: 2
  Zero half: 4
  Lazy constraints: 29

Explored 1 nodes (29318 simplex iterations) in 14.97 seconds (19.37 work units)
Thread count was 1 (of 20 available processors)

Solution count 2: 4 2369 

Optimal solution found (tolerance 1.00e-04)
Best objective 4.000000000000e+00, best bound 4.000000000000e+00, gap 0.0000%
Time crossing minimization: 19025ms
Number of crossings: 4
Set parameter TokenServer to value "clustermaster.ac.tuwien.ac.at"
Set parameter MemLimit to value 8
Set parameter Threads to value 1
Gurobi Optimizer version 11.0.2 build v11.0.2rc0 (linux64 - "Ubuntu 18.04.6 LTS")

CPU model: Intel(R) Xeon(R) CPU E5-2640 v4 @ 2.40GHz, instruction set [SSE2|AVX|AVX2]
Thread count: 20 physical cores, 20 logical processors, using up to 1 threads

Optimize a model with 7712 rows, 5090 columns and 20474 nonzeros
Model fingerprint: 0xc6a7f5b5
Coefficient statistics:
  Matrix range     [1e+00, 1e+00]
  Objective range  [1e-06, 4e+00]
  Bounds range     [5e-07, 2e+00]
  RHS range        [2e-02, 2e+00]
Presolve time: 0.01s
Presolved: 7712 rows, 5090 columns, 20474 nonzeros

Iteration    Objective       Primal Inf.    Dual Inf.      Time
       0    0.0000000e+00   2.627501e+02   0.000000e+00      0s
    8643    2.9420048e+00   0.000000e+00   0.000000e+00      0s

Solved in 8643 iterations and 0.41 seconds (0.48 work units)
Optimal objective  2.942004807e+00
Time wiggle minimization: 457ms
