Number of nodes: 2173
Number of hierarchical edges: 2124
Number of temporal edges: 2141
Number of time steps: 49
Number of levels: 3
Time crossing minimization: 23ms
Number of crossings: 5
Set parameter TokenServer to value "clustermaster.ac.tuwien.ac.at"
Set parameter MemLimit to value 8
Set parameter Threads to value 1
Gurobi Optimizer version 11.0.2 build v11.0.2rc0 (linux64 - "Ubuntu 18.04.6 LTS")

CPU model: Intel(R) Xeon(R) CPU E5-2640 v4 @ 2.40GHz, instruction set [SSE2|AVX|AVX2]
Thread count: 20 physical cores, 20 logical processors, using up to 1 threads

Optimize a model with 6552 rows, 4314 columns and 17386 nonzeros
Model fingerprint: 0x22e4c712
Coefficient statistics:
  Matrix range     [1e+00, 1e+00]
  Objective range  [1e+00, 1e+00]
  Bounds range     [1e-04, 2e+00]
  RHS range        [2e-02, 2e+00]
Presolve time: 0.01s
Presolved: 6552 rows, 4314 columns, 17386 nonzeros

Iteration    Objective       Primal Inf.    Dual Inf.      Time
       0    0.0000000e+00   2.351163e+02   0.000000e+00      0s
    7097    1.5021043e+01   0.000000e+00   0.000000e+00      0s

Solved in 7097 iterations and 0.33 seconds (0.35 work units)
Optimal objective  1.502104261e+01
Time wiggle minimization: 346ms
