Number of nodes: 2173
Number of hierarchical edges: 2124
Number of temporal edges: 2141
Number of time steps: 49
Number of levels: 3
Set parameter TokenServer to value "clustermaster.ac.tuwien.ac.at"
Set parameter MemLimit to value 8
Set parameter Threads to value 1
Set parameter TimeLimit to value 597.646256687
Gurobi Optimizer version 11.0.2 build v11.0.2rc0 (linux64 - "Ubuntu 18.04.6 LTS")

CPU model: Intel(R) Xeon(R) CPU E5-2640 v4 @ 2.40GHz, instruction set [SSE2|AVX|AVX2]
Thread count: 20 physical cores, 20 logical processors, using up to 1 threads

Optimize a model with 1532283 rows, 87783 columns and 4369128 nonzeros
Model fingerprint: 0x42cd4492
Variable types: 0 continuous, 87783 integer (87783 binary)
Coefficient statistics:
  Matrix range     [1e+00, 1e+00]
  Objective range  [1e+00, 1e+00]
  Bounds range     [1e+00, 1e+00]
  RHS range        [1e+00, 1e+00]
Found heuristic solution: objective 1809.0000000
Presolve removed 1254595 rows and 50615 columns
Presolve time: 4.11s
Presolved: 277688 rows, 37168 columns, 833064 nonzeros
Extracted 240220 lazy constraints
Variable types: 0 continuous, 37168 integer (37168 binary)
Root relaxation presolved: 37468 rows, 37168 columns, 112404 nonzeros


Root simplex log...

Iteration    Objective       Primal Inf.    Dual Inf.      Time
       0    0.0000000e+00   1.670000e+02   0.000000e+00      6s
    4573    0.0000000e+00   0.000000e+00   0.000000e+00      6s
    4573    0.0000000e+00   0.000000e+00   0.000000e+00      6s

Use crossover to convert LP symmetric solution to basic solution...

Root crossover log...

    9827 PPushes remaining with PInf 0.0000000e+00                 6s
       0 PPushes remaining with PInf 0.0000000e+00                 6s

  Push phase complete: Pinf 0.0000000e+00, Dinf 0.0000000e+00      6s


Root simplex log...

Iteration    Objective       Primal Inf.    Dual Inf.      Time
   14403    0.0000000e+00   0.000000e+00   0.000000e+00      6s

Root relaxation: objective 0.000000e+00, 14403 iterations, 0.23 seconds (0.22 work units)
Total elapsed time = 6.11s (DegenMoves)

    Nodes    |    Current Node    |     Objective Bounds      |     Work
 Expl Unexpl |  Obj  Depth IntInf | Incumbent    BestBd   Gap | It/Node Time

     0     0    0.00000    0 9827 1809.00000    0.00000   100%     -    6s
*    0     0               0       4.0000000    4.00000  0.00%     -   10s

Cutting planes:
  Gomory: 2
  Zero half: 6
  Lazy constraints: 15

Explored 1 nodes (21216 simplex iterations) in 10.33 seconds (11.99 work units)
Thread count was 1 (of 20 available processors)

Solution count 2: 4 1809 

Optimal solution found (tolerance 1.00e-04)
Best objective 4.000000000000e+00, best bound 4.000000000000e+00, gap 0.0000%
Time crossing minimization: 13058ms
Number of crossings: 4
Set parameter TokenServer to value "clustermaster.ac.tuwien.ac.at"
Set parameter MemLimit to value 8
Set parameter Threads to value 1
Gurobi Optimizer version 11.0.2 build v11.0.2rc0 (linux64 - "Ubuntu 18.04.6 LTS")

CPU model: Intel(R) Xeon(R) CPU E5-2640 v4 @ 2.40GHz, instruction set [SSE2|AVX|AVX2]
Thread count: 20 physical cores, 20 logical processors, using up to 1 threads

Optimize a model with 6552 rows, 4314 columns and 17386 nonzeros
Model fingerprint: 0xf8e0bba0
Coefficient statistics:
  Matrix range     [1e+00, 1e+00]
  Objective range  [1e+00, 1e+00]
  Bounds range     [1e-04, 2e+00]
  RHS range        [2e-02, 2e+00]
Presolve time: 0.01s
Presolved: 6552 rows, 4314 columns, 17386 nonzeros

Iteration    Objective       Primal Inf.    Dual Inf.      Time
       0    0.0000000e+00   2.609977e+02   0.000000e+00      0s
    7207    1.8747050e+01   0.000000e+00   0.000000e+00      0s

Solved in 7207 iterations and 0.36 seconds (0.38 work units)
Optimal objective  1.874704952e+01
Time wiggle minimization: 375ms
