Number of nodes: 2565
Number of hierarchical edges: 2516
Number of temporal edges: 2525
Number of time steps: 49
Number of levels: 3
Time crossing minimization: 28ms
Number of crossings: 4
Set parameter TokenServer to value "clustermaster.ac.tuwien.ac.at"
Set parameter MemLimit to value 8
Set parameter Threads to value 1
Gurobi Optimizer version 11.0.2 build v11.0.2rc0 (linux64 - "Ubuntu 18.04.6 LTS")

CPU model: Intel(R) Xeon(R) CPU E5-2640 v4 @ 2.40GHz, instruction set [SSE2|AVX|AVX2]
Thread count: 20 physical cores, 20 logical processors, using up to 1 threads

Optimize a model with 7712 rows, 5090 columns and 20474 nonzeros
Model fingerprint: 0xd7889932
Coefficient statistics:
  Matrix range     [1e+00, 1e+00]
  Objective range  [1e+00, 1e+00]
  Bounds range     [5e-07, 2e+00]
  RHS range        [2e-02, 2e+00]
Presolve time: 0.01s
Presolved: 7712 rows, 5090 columns, 20474 nonzeros

Iteration    Objective       Primal Inf.    Dual Inf.      Time
       0    0.0000000e+00   2.427783e+02   0.000000e+00      0s
    8357    1.3738672e+01   0.000000e+00   0.000000e+00      0s

Solved in 8357 iterations and 0.44 seconds (0.48 work units)
Optimal objective  1.373867231e+01
Time wiggle minimization: 457ms
