Number of nodes: 2124
Number of hierarchical edges: 2075
Number of temporal edges: 2093
Number of time steps: 49
Number of levels: 3
Set parameter TokenServer to value "clustermaster.ac.tuwien.ac.at"
Set parameter MemLimit to value 8
Set parameter Threads to value 1
Set parameter TimeLimit to value 597.817664626
Gurobi Optimizer version 11.0.2 build v11.0.2rc0 (linux64 - "Ubuntu 18.04.6 LTS")

CPU model: Intel(R) Xeon(R) CPU E5-2640 v4 @ 2.40GHz, instruction set [SSE2|AVX|AVX2]
Thread count: 20 physical cores, 20 logical processors, using up to 1 threads

Optimize a model with 1426301 rows, 83808 columns and 4071628 nonzeros
Model fingerprint: 0x81f53ed3
Variable types: 0 continuous, 83808 integer (83808 binary)
Coefficient statistics:
  Matrix range     [1e+00, 1e+00]
  Objective range  [1e+00, 1e+00]
  Bounds range     [1e+00, 1e+00]
  RHS range        [1e+00, 1e+00]
Found heuristic solution: objective 1313.0000000
Presolve removed 1165511 rows and 48306 columns
Presolve time: 3.74s
Presolved: 260790 rows, 35502 columns, 782370 nonzeros
Extracted 224978 lazy constraints
Variable types: 0 continuous, 35502 integer (35502 binary)
Root relaxation presolved: 35812 rows, 35502 columns, 107436 nonzeros


Root simplex log...

Iteration    Objective       Primal Inf.    Dual Inf.      Time
       0    0.0000000e+00   1.670000e+02   0.000000e+00      5s
    4573    0.0000000e+00   0.000000e+00   0.000000e+00      6s
    4573    0.0000000e+00   0.000000e+00   0.000000e+00      6s

Use crossover to convert LP symmetric solution to basic solution...

Root crossover log...

    9479 PPushes remaining with PInf 0.0000000e+00                 6s
       0 PPushes remaining with PInf 0.0000000e+00                 6s

  Push phase complete: Pinf 0.0000000e+00, Dinf 0.0000000e+00      6s


Root simplex log...

Iteration    Objective       Primal Inf.    Dual Inf.      Time
   14055    0.0000000e+00   0.000000e+00   0.000000e+00      6s

Root relaxation: objective 0.000000e+00, 14055 iterations, 0.22 seconds (0.22 work units)
Total elapsed time = 5.56s (DegenMoves)

    Nodes    |    Current Node    |     Objective Bounds      |     Work
 Expl Unexpl |  Obj  Depth IntInf | Incumbent    BestBd   Gap | It/Node Time

     0     0    0.00000    0 9479 1313.00000    0.00000   100%     -    5s
     0     0    4.00000    0    - 1313.00000    4.00000   100%     -    7s
     0     0    4.00000    0    - 1313.00000    4.00000   100%     -    8s
     0     0    4.00000    0 9483 1313.00000    4.00000   100%     -    8s
H    0     0                       5.0000000    4.00000  20.0%     -    8s
H    0     0                       4.0000000    4.00000  0.00%     -    8s

Cutting planes:
  Gomory: 1
  Lazy constraints: 17

Explored 1 nodes (22136 simplex iterations) in 8.20 seconds (10.23 work units)
Thread count was 1 (of 20 available processors)

Solution count 3: 4 5 1313 

Optimal solution found (tolerance 1.00e-04)
Best objective 4.000000000000e+00, best bound 4.000000000000e+00, gap 0.0000%
Time crossing minimization: 10725ms
Number of crossings: 4
Set parameter TokenServer to value "clustermaster.ac.tuwien.ac.at"
Set parameter MemLimit to value 8
Set parameter Threads to value 1
Gurobi Optimizer version 11.0.2 build v11.0.2rc0 (linux64 - "Ubuntu 18.04.6 LTS")

CPU model: Intel(R) Xeon(R) CPU E5-2640 v4 @ 2.40GHz, instruction set [SSE2|AVX|AVX2]
Thread count: 20 physical cores, 20 logical processors, using up to 1 threads

Optimize a model with 6407 rows, 4217 columns and 17000 nonzeros
Model fingerprint: 0x419f92ff
Coefficient statistics:
  Matrix range     [1e+00, 1e+00]
  Objective range  [5e-04, 4e+00]
  Bounds range     [2e-04, 2e+00]
  RHS range        [2e-02, 2e+00]
Presolve time: 0.01s
Presolved: 6407 rows, 4217 columns, 17000 nonzeros

Iteration    Objective       Primal Inf.    Dual Inf.      Time
       0    0.0000000e+00   2.711168e+02   0.000000e+00      0s
    6953    3.3855711e+00   0.000000e+00   0.000000e+00      0s

Solved in 6953 iterations and 0.27 seconds (0.32 work units)
Optimal objective  3.385571093e+00
Time wiggle minimization: 314ms
