Number of nodes: 2124
Number of hierarchical edges: 2075
Number of temporal edges: 2093
Number of time steps: 49
Number of levels: 3
Time crossing minimization: 24ms
Number of crossings: 5
Set parameter TokenServer to value "clustermaster.ac.tuwien.ac.at"
Set parameter MemLimit to value 8
Set parameter Threads to value 1
Gurobi Optimizer version 11.0.2 build v11.0.2rc0 (linux64 - "Ubuntu 18.04.6 LTS")

CPU model: Intel(R) Xeon(R) CPU E5-2640 v4 @ 2.40GHz, instruction set [SSE2|AVX|AVX2]
Thread count: 20 physical cores, 20 logical processors, using up to 1 threads

Optimize a model with 6407 rows, 4217 columns and 17000 nonzeros
Model fingerprint: 0x8553984a
Coefficient statistics:
  Matrix range     [1e+00, 1e+00]
  Objective range  [5e-04, 4e+00]
  Bounds range     [2e-04, 2e+00]
  RHS range        [2e-02, 2e+00]
Presolve time: 0.01s
Presolved: 6407 rows, 4217 columns, 17000 nonzeros

Iteration    Objective       Primal Inf.    Dual Inf.      Time
       0    0.0000000e+00   2.350461e+02   0.000000e+00      0s
    7365    3.4518474e+00   0.000000e+00   0.000000e+00      0s

Solved in 7365 iterations and 0.35 seconds (0.36 work units)
Optimal objective  3.451847447e+00
Time wiggle minimization: 376ms
