Number of nodes: 114
Number of hierarchical edges: 101
Number of temporal edges: 100
Number of time steps: 13
Number of levels: 6
Time crossing minimization: 1ms
Number of crossings: 2
Set parameter TokenServer to value "clustermaster.ac.tuwien.ac.at"
Set parameter MemLimit to value 8
Set parameter Threads to value 1
Gurobi Optimizer version 11.0.2 build v11.0.2rc0 (linux64 - "Ubuntu 18.04.6 LTS")

CPU model: Intel(R) Xeon(R) CPU E5-2640 v4 @ 2.40GHz, instruction set [SSE2|AVX|AVX2]
Thread count: 20 physical cores, 20 logical processors, using up to 1 threads

Optimize a model with 358 rows, 214 columns and 916 nonzeros
Model fingerprint: 0xae02f076
Coefficient statistics:
  Matrix range     [1e+00, 1e+00]
  Objective range  [2e-02, 4e+00]
  Bounds range     [1e-02, 2e+00]
  RHS range        [4e-02, 2e+00]
Presolve removed 26 rows and 13 columns
Presolve time: 0.00s
Presolved: 332 rows, 201 columns, 864 nonzeros

Iteration    Objective       Primal Inf.    Dual Inf.      Time
       0    0.0000000e+00   3.098871e+01   0.000000e+00      0s
     247    5.2860277e+00   0.000000e+00   0.000000e+00      0s

Solved in 247 iterations and 0.00 seconds (0.00 work units)
Optimal objective  5.286027658e+00
Time wiggle minimization: 8ms
