Number of nodes: 8446
Number of hierarchical edges: 7702
Number of temporal edges: 7901
Number of time steps: 744
Number of levels: 10
Set parameter TokenServer to value "clustermaster.ac.tuwien.ac.at"
Set parameter MemLimit to value 8
Set parameter Threads to value 1
Set parameter TimeLimit to value 599.624113378
Gurobi Optimizer version 11.0.2 build v11.0.2rc0 (linux64 - "Ubuntu 18.04.6 LTS")

CPU model: Intel(R) Xeon(R) CPU E5-2640 v4 @ 2.40GHz, instruction set [SSE2|AVX|AVX2]
Thread count: 20 physical cores, 20 logical processors, using up to 1 threads

Optimize a model with 99188 rows, 28415 columns and 267812 nonzeros
Model fingerprint: 0xc1897f12
Variable types: 0 continuous, 28415 integer (28415 binary)
Coefficient statistics:
  Matrix range     [1e+00, 1e+00]
  Objective range  [1e+00, 1e+00]
  Bounds range     [1e+00, 1e+00]
  RHS range        [1e+00, 1e+00]
Found heuristic solution: objective 1185.0000000
Presolve removed 92188 rows and 21675 columns
Presolve time: 0.18s
Presolved: 7000 rows, 6740 columns, 21000 nonzeros
Extracted 4 lazy constraints
Found heuristic solution: objective 1174.0000000
Variable types: 0 continuous, 6740 integer (6740 binary)
Found heuristic solution: objective 7.0000000

Explored 1 nodes (0 simplex iterations) in 0.45 seconds (0.32 work units)
Thread count was 1 (of 20 available processors)

Solution count 4: 7 7 1174 1185 

Optimal solution found (tolerance 1.00e-04)
Best objective 7.000000000000e+00, best bound 7.000000000000e+00, gap 0.0000%
Time crossing minimization: 901ms
Number of crossings: 7
Set parameter TokenServer to value "clustermaster.ac.tuwien.ac.at"
Set parameter MemLimit to value 8
Set parameter Threads to value 1
Gurobi Optimizer version 11.0.2 build v11.0.2rc0 (linux64 - "Ubuntu 18.04.6 LTS")

CPU model: Intel(R) Xeon(R) CPU E5-2640 v4 @ 2.40GHz, instruction set [SSE2|AVX|AVX2]
Thread count: 20 physical cores, 20 logical processors, using up to 1 threads

Optimize a model with 27726 rows, 16347 columns and 71254 nonzeros
Model fingerprint: 0x0b8b0b82
Coefficient statistics:
  Matrix range     [1e+00, 1e+00]
  Objective range  [1e+00, 1e+00]
  Bounds range     [2e-03, 2e+00]
  RHS range        [7e-03, 2e+00]
Presolve removed 1612 rows and 806 columns
Presolve time: 0.09s
Presolved: 26114 rows, 15603 columns, 68092 nonzeros

Iteration    Objective       Primal Inf.    Dual Inf.      Time
       0    0.0000000e+00   2.774062e+03   0.000000e+00      0s
   23426    2.3917660e+02   0.000000e+00   0.000000e+00      1s

Solved in 23426 iterations and 0.56 seconds (0.41 work units)
Optimal objective  2.391765971e+02
Time wiggle minimization: 619ms
