Number of nodes: 216
Number of hierarchical edges: 192
Number of temporal edges: 186
Number of time steps: 24
Number of levels: 6
Set parameter TokenServer to value "clustermaster.ac.tuwien.ac.at"
Set parameter MemLimit to value 8
Set parameter Threads to value 1
Set parameter TimeLimit to value 599.989152508
Gurobi Optimizer version 11.0.2 build v11.0.2rc0 (linux64 - "Ubuntu 18.04.6 LTS")

CPU model: Intel(R) Xeon(R) CPU E5-2640 v4 @ 2.40GHz, instruction set [SSE2|AVX|AVX2]
Thread count: 20 physical cores, 20 logical processors, using up to 1 threads

Optimize a model with 1071 rows, 429 columns and 2964 nonzeros
Model fingerprint: 0x3c997e14
Variable types: 0 continuous, 429 integer (429 binary)
Coefficient statistics:
  Matrix range     [1e+00, 1e+00]
  Objective range  [1e+00, 1e+00]
  Bounds range     [1e+00, 1e+00]
  RHS range        [1e+00, 1e+00]
Found heuristic solution: objective 10.0000000
Presolve removed 1061 rows and 422 columns
Presolve time: 0.01s
Presolved: 10 rows, 7 columns, 30 nonzeros
Found heuristic solution: objective 0.0000000
Variable types: 0 continuous, 7 integer (7 binary)

Explored 0 nodes (0 simplex iterations) in 0.01 seconds (0.00 work units)
Thread count was 1 (of 20 available processors)

Solution count 2: 0 10 

Optimal solution found (tolerance 1.00e-04)
Best objective 0.000000000000e+00, best bound 0.000000000000e+00, gap 0.0000%
Time crossing minimization: 17ms
Number of crossings: 0
Set parameter TokenServer to value "clustermaster.ac.tuwien.ac.at"
Set parameter MemLimit to value 8
Set parameter Threads to value 1
Gurobi Optimizer version 11.0.2 build v11.0.2rc0 (linux64 - "Ubuntu 18.04.6 LTS")

CPU model: Intel(R) Xeon(R) CPU E5-2640 v4 @ 2.40GHz, instruction set [SSE2|AVX|AVX2]
Thread count: 20 physical cores, 20 logical processors, using up to 1 threads

Optimize a model with 695 rows, 402 columns and 1762 nonzeros
Model fingerprint: 0xb5f1f8f1
Coefficient statistics:
  Matrix range     [1e+00, 1e+00]
  Objective range  [1e-02, 4e+00]
  Bounds range     [7e-03, 2e+00]
  RHS range        [4e-02, 2e+00]
Presolve removed 161 rows and 92 columns
Presolve time: 0.00s
Presolved: 534 rows, 312 columns, 1356 nonzeros

Iteration    Objective       Primal Inf.    Dual Inf.      Time
       0    0.0000000e+00   7.087007e+01   0.000000e+00      0s
     407    5.3059817e+00   0.000000e+00   0.000000e+00      0s

Solved in 407 iterations and 0.00 seconds (0.00 work units)
Optimal objective  5.305981693e+00
Time wiggle minimization: 10ms
