Number of nodes: 15224
Number of hierarchical edges: 14322
Number of temporal edges: 15032
Number of time steps: 902
Number of levels: 9
Set parameter TokenServer to value "clustermaster.ac.tuwien.ac.at"
Set parameter MemLimit to value 8
Set parameter Threads to value 1
Set parameter TimeLimit to value 597.759174016
Gurobi Optimizer version 11.0.2 build v11.0.2rc0 (linux64 - "Ubuntu 18.04.6 LTS")

CPU model: Intel(R) Xeon(R) CPU E5-2640 v4 @ 2.40GHz, instruction set [SSE2|AVX|AVX2]
Thread count: 20 physical cores, 20 logical processors, using up to 1 threads

Optimize a model with 367589 rows, 92299 columns and 987096 nonzeros
Model fingerprint: 0x5ac2af17
Variable types: 0 continuous, 92299 integer (92299 binary)
Coefficient statistics:
  Matrix range     [1e+00, 1e+00]
  Objective range  [1e+00, 1e+00]
  Bounds range     [1e+00, 1e+00]
  RHS range        [1e+00, 1e+00]
Found heuristic solution: objective 17557.000000
Presolve removed 347759 rows and 75760 columns
Presolve time: 0.86s
Presolved: 19830 rows, 16539 columns, 59490 nonzeros
Found heuristic solution: objective 4601.0000000
Variable types: 0 continuous, 16539 integer (16539 binary)
Found heuristic solution: objective 0.0000000

Explored 1 nodes (0 simplex iterations) in 1.08 seconds (1.72 work units)
Thread count was 1 (of 20 available processors)

Solution count 4: 0 3 4601 17557 

Optimal solution found (tolerance 1.00e-04)
Best objective 0.000000000000e+00, best bound 0.000000000000e+00, gap 0.0000%
Time crossing minimization: 3804ms
Number of crossings: 0
Set parameter TokenServer to value "clustermaster.ac.tuwien.ac.at"
Set parameter MemLimit to value 8
Set parameter Threads to value 1
Gurobi Optimizer version 11.0.2 build v11.0.2rc0 (linux64 - "Ubuntu 18.04.6 LTS")

CPU model: Intel(R) Xeon(R) CPU E5-2640 v4 @ 2.40GHz, instruction set [SSE2|AVX|AVX2]
Thread count: 20 physical cores, 20 logical processors, using up to 1 threads

Optimize a model with 51998 rows, 30256 columns and 134060 nonzeros
Model fingerprint: 0xdb68c22c
Coefficient statistics:
  Matrix range     [1e+00, 1e+00]
  Objective range  [1e+00, 1e+00]
  Bounds range     [5e-04, 2e+00]
  RHS range        [2e-03, 2e+00]
Presolve removed 1842 rows and 921 columns
Presolve time: 0.15s
Presolved: 50156 rows, 29354 columns, 130395 nonzeros

Iteration    Objective       Primal Inf.    Dual Inf.      Time
       0    0.0000000e+00   6.177637e+03   0.000000e+00      0s
   51596    1.9417541e+02   0.000000e+00   0.000000e+00      2s

Solved in 51596 iterations and 1.68 seconds (1.23 work units)
Optimal objective  1.941754144e+02
Time wiggle minimization: 1781ms
