Number of nodes: 8446
Number of hierarchical edges: 7702
Number of temporal edges: 7829
Number of time steps: 744
Number of levels: 10
Time crossing minimization: 101ms
Number of crossings: 0
Set parameter TokenServer to value "clustermaster.ac.tuwien.ac.at"
Set parameter MemLimit to value 8
Set parameter Threads to value 1
Gurobi Optimizer version 11.0.2 build v11.0.2rc0 (linux64 - "Ubuntu 18.04.6 LTS")

CPU model: Intel(R) Xeon(R) CPU E5-2640 v4 @ 2.40GHz, instruction set [SSE2|AVX|AVX2]
Thread count: 20 physical cores, 20 logical processors, using up to 1 threads

Optimize a model with 27582 rows, 16275 columns and 70822 nonzeros
Model fingerprint: 0xc55e7346
Coefficient statistics:
  Matrix range     [1e+00, 1e+00]
  Objective range  [1e+00, 1e+00]
  Bounds range     [2e-03, 2e+00]
  RHS range        [7e-03, 2e+00]
Presolve removed 1651 rows and 826 columns
Presolve time: 0.11s
Presolved: 25931 rows, 15529 columns, 67600 nonzeros

Iteration    Objective       Primal Inf.    Dual Inf.      Time
       0    0.0000000e+00   2.588348e+03   0.000000e+00      0s
   24189    1.7464562e+02   0.000000e+00   0.000000e+00      1s

Solved in 24189 iterations and 0.60 seconds (0.45 work units)
Optimal objective  1.746456236e+02
Time wiggle minimization: 660ms
