Number of nodes: 15224
Number of hierarchical edges: 14322
Number of temporal edges: 15032
Number of time steps: 902
Number of levels: 9
Time crossing minimization: 196ms
Number of crossings: 0
Set parameter TokenServer to value "clustermaster.ac.tuwien.ac.at"
Set parameter MemLimit to value 8
Set parameter Threads to value 1
Gurobi Optimizer version 11.0.2 build v11.0.2rc0 (linux64 - "Ubuntu 18.04.6 LTS")

CPU model: Intel(R) Xeon(R) CPU E5-2640 v4 @ 2.40GHz, instruction set [SSE2|AVX|AVX2]
Thread count: 20 physical cores, 20 logical processors, using up to 1 threads

Optimize a model with 51998 rows, 30256 columns and 134060 nonzeros
Model fingerprint: 0x4fccbc6a
Coefficient statistics:
  Matrix range     [1e+00, 1e+00]
  Objective range  [1e+00, 1e+00]
  Bounds range     [5e-04, 2e+00]
  RHS range        [2e-03, 2e+00]
Presolve removed 1842 rows and 921 columns
Presolve time: 0.19s
Presolved: 50156 rows, 29354 columns, 130395 nonzeros

Iteration    Objective       Primal Inf.    Dual Inf.      Time
       0    0.0000000e+00   3.149615e+03   0.000000e+00      0s
   51066    1.9195730e+02   0.000000e+00   0.000000e+00      2s

Solved in 51066 iterations and 2.04 seconds (1.64 work units)
Optimal objective  1.919573038e+02
Time wiggle minimization: 2166ms
