Number of nodes: 1288
Number of hierarchical edges: 1137
Number of temporal edges: 1134
Number of time steps: 151
Number of levels: 8
Time crossing minimization: 12ms
Number of crossings: 3
Set parameter TokenServer to value "clustermaster.ac.tuwien.ac.at"
Set parameter MemLimit to value 8
Set parameter Threads to value 1
Gurobi Optimizer version 11.0.2 build v11.0.2rc0 (linux64 - "Ubuntu 18.04.6 LTS")

CPU model: Intel(R) Xeon(R) CPU E5-2640 v4 @ 2.40GHz, instruction set [SSE2|AVX|AVX2]
Thread count: 20 physical cores, 20 logical processors, using up to 1 threads

Optimize a model with 4049 rows, 2422 columns and 10366 nonzeros
Model fingerprint: 0x381f2365
Coefficient statistics:
  Matrix range     [1e+00, 1e+00]
  Objective range  [3e-05, 4e+00]
  Bounds range     [1e-05, 2e+00]
  RHS range        [1e-04, 2e+00]
Presolve removed 348 rows and 174 columns
Presolve time: 0.01s
Presolved: 3701 rows, 2271 columns, 9693 nonzeros

Iteration    Objective       Primal Inf.    Dual Inf.      Time
       0    0.0000000e+00   4.605898e+02   0.000000e+00      0s
    2991    3.1717261e+01   0.000000e+00   0.000000e+00      0s

Solved in 2991 iterations and 0.06 seconds (0.05 work units)
Optimal objective  3.171726129e+01
Time wiggle minimization: 69ms
