Number of nodes: 1288
Number of hierarchical edges: 1137
Number of temporal edges: 1138
Number of time steps: 151
Number of levels: 8
Set parameter TokenServer to value "clustermaster.ac.tuwien.ac.at"
Set parameter MemLimit to value 8
Set parameter Threads to value 1
Set parameter TimeLimit to value 599.98184987
Gurobi Optimizer version 11.0.2 build v11.0.2rc0 (linux64 - "Ubuntu 18.04.6 LTS")

CPU model: Intel(R) Xeon(R) CPU E5-2640 v4 @ 2.40GHz, instruction set [SSE2|AVX|AVX2]
Thread count: 20 physical cores, 20 logical processors, using up to 1 threads

Optimize a model with 6773 rows, 2546 columns and 18620 nonzeros
Model fingerprint: 0x42aedac2
Variable types: 0 continuous, 2546 integer (2546 binary)
Coefficient statistics:
  Matrix range     [1e+00, 1e+00]
  Objective range  [1e+00, 1e+00]
  Bounds range     [1e+00, 1e+00]
  RHS range        [1e+00, 1e+00]
Found heuristic solution: objective 227.0000000
Presolve removed 6767 rows and 2541 columns
Presolve time: 0.02s
Presolved: 6 rows, 5 columns, 18 nonzeros
Found heuristic solution: objective 0.0000000
Variable types: 0 continuous, 5 integer (5 binary)

Explored 0 nodes (0 simplex iterations) in 0.02 seconds (0.01 work units)
Thread count was 1 (of 20 available processors)

Solution count 2: 0 227 

Optimal solution found (tolerance 1.00e-04)
Best objective 0.000000000000e+00, best bound 0.000000000000e+00, gap 0.0000%
Time crossing minimization: 39ms
Number of crossings: 0
Set parameter TokenServer to value "clustermaster.ac.tuwien.ac.at"
Set parameter MemLimit to value 8
Set parameter Threads to value 1
Gurobi Optimizer version 11.0.2 build v11.0.2rc0 (linux64 - "Ubuntu 18.04.6 LTS")

CPU model: Intel(R) Xeon(R) CPU E5-2640 v4 @ 2.40GHz, instruction set [SSE2|AVX|AVX2]
Thread count: 20 physical cores, 20 logical processors, using up to 1 threads

Optimize a model with 4057 rows, 2426 columns and 10390 nonzeros
Model fingerprint: 0x2cd1fdd8
Coefficient statistics:
  Matrix range     [1e+00, 1e+00]
  Objective range  [3e-05, 4e+00]
  Bounds range     [1e-05, 2e+00]
  RHS range        [1e-04, 2e+00]
Presolve removed 348 rows and 174 columns
Presolve time: 0.01s
Presolved: 3709 rows, 2275 columns, 9717 nonzeros

Iteration    Objective       Primal Inf.    Dual Inf.      Time
       0    0.0000000e+00   4.855999e+02   0.000000e+00      0s
    2937    1.9615380e+01   0.000000e+00   0.000000e+00      0s

Solved in 2937 iterations and 0.06 seconds (0.05 work units)
Optimal objective  1.961537990e+01
Time wiggle minimization: 71ms
