Number of nodes: 15224
Number of hierarchical edges: 14322
Number of temporal edges: 15032
Number of time steps: 902
Number of levels: 9
Set parameter TokenServer to value "clustermaster.ac.tuwien.ac.at"
Set parameter MemLimit to value 8
Set parameter Threads to value 1
Set parameter TimeLimit to value 597.790729142
Gurobi Optimizer version 11.0.2 build v11.0.2rc0 (linux64 - "Ubuntu 18.04.6 LTS")

CPU model: Intel(R) Xeon(R) CPU E5-2640 v4 @ 2.40GHz, instruction set [SSE2|AVX|AVX2]
Thread count: 20 physical cores, 20 logical processors, using up to 1 threads

Optimize a model with 367589 rows, 92299 columns and 987096 nonzeros
Model fingerprint: 0x5ac2af17
Variable types: 0 continuous, 92299 integer (92299 binary)
Coefficient statistics:
  Matrix range     [1e+00, 1e+00]
  Objective range  [1e+00, 1e+00]
  Bounds range     [1e+00, 1e+00]
  RHS range        [1e+00, 1e+00]
Found heuristic solution: objective 17557.000000
Presolve removed 347759 rows and 75760 columns
Presolve time: 0.87s
Presolved: 19830 rows, 16539 columns, 59490 nonzeros
Found heuristic solution: objective 4601.0000000
Variable types: 0 continuous, 16539 integer (16539 binary)
Found heuristic solution: objective 0.0000000

Explored 1 nodes (0 simplex iterations) in 1.10 seconds (1.72 work units)
Thread count was 1 (of 20 available processors)

Solution count 4: 0 3 4601 17557 

Optimal solution found (tolerance 1.00e-04)
Best objective 0.000000000000e+00, best bound 0.000000000000e+00, gap 0.0000%
Time crossing minimization: 3795ms
Number of crossings: 0
Set parameter TokenServer to value "clustermaster.ac.tuwien.ac.at"
Set parameter MemLimit to value 8
Set parameter Threads to value 1
Gurobi Optimizer version 11.0.2 build v11.0.2rc0 (linux64 - "Ubuntu 18.04.6 LTS")

CPU model: Intel(R) Xeon(R) CPU E5-2640 v4 @ 2.40GHz, instruction set [SSE2|AVX|AVX2]
Thread count: 20 physical cores, 20 logical processors, using up to 1 threads

Optimize a model with 52899 rows, 30256 columns and 135862 nonzeros
Model fingerprint: 0x92f8a220
Coefficient statistics:
  Matrix range     [1e+00, 1e+00]
  Objective range  [1e-03, 4e+00]
  Bounds range     [5e-04, 2e+00]
  RHS range        [2e-03, 2e+00]
Presolve removed 6347 rows and 3624 columns
Presolve time: 0.16s
Presolved: 46552 rows, 26651 columns, 119583 nonzeros

Iteration    Objective       Primal Inf.    Dual Inf.      Time
       0    0.0000000e+00   6.177637e+03   0.000000e+00      0s
   42082    9.2074596e+01   0.000000e+00   0.000000e+00      2s

Solved in 42082 iterations and 2.40 seconds (2.20 work units)
Optimal objective  9.207459579e+01
Time wiggle minimization: 2527ms
