Number of nodes: 46
Number of hierarchical edges: 40
Number of temporal edges: 34
Number of time steps: 6
Number of levels: 6
Time crossing minimization: 0ms
Number of crossings: 1
Set parameter TokenServer to value "clustermaster.ac.tuwien.ac.at"
Set parameter MemLimit to value 8
Set parameter Threads to value 1
Gurobi Optimizer version 11.0.2 build v11.0.2rc0 (linux64 - "Ubuntu 18.04.6 LTS")

CPU model: Intel(R) Xeon(R) CPU E5-2640 v4 @ 2.40GHz, instruction set [SSE2|AVX|AVX2]
Thread count: 20 physical cores, 20 logical processors, using up to 1 threads

Optimize a model with 136 rows, 80 columns and 340 nonzeros
Model fingerprint: 0x02f53478
Coefficient statistics:
  Matrix range     [1e+00, 1e+00]
  Objective range  [1e+00, 1e+00]
  Bounds range     [2e-03, 2e+00]
  RHS range        [3e-03, 1e+00]
Presolve removed 37 rows and 21 columns
Presolve time: 0.00s
Presolved: 99 rows, 60 columns, 249 nonzeros

Iteration    Objective       Primal Inf.    Dual Inf.      Time
       0    0.0000000e+00   2.576320e+01   0.000000e+00      0s
      65    1.7577713e+00   0.000000e+00   0.000000e+00      0s

Solved in 65 iterations and 0.00 seconds (0.00 work units)
Optimal objective  1.757771280e+00
Time wiggle minimization: 4ms
