Number of nodes: 15224
Number of hierarchical edges: 14322
Number of temporal edges: 15032
Number of time steps: 902
Number of levels: 9
Time crossing minimization: 200ms
Number of crossings: 0
Set parameter TokenServer to value "clustermaster.ac.tuwien.ac.at"
Set parameter MemLimit to value 8
Set parameter Threads to value 1
Gurobi Optimizer version 11.0.2 build v11.0.2rc0 (linux64 - "Ubuntu 18.04.6 LTS")

CPU model: Intel(R) Xeon(R) CPU E5-2640 v4 @ 2.40GHz, instruction set [SSE2|AVX|AVX2]
Thread count: 20 physical cores, 20 logical processors, using up to 1 threads

Optimize a model with 52899 rows, 30256 columns and 135862 nonzeros
Model fingerprint: 0xfba12cdc
Coefficient statistics:
  Matrix range     [1e+00, 1e+00]
  Objective range  [1e-03, 4e+00]
  Bounds range     [5e-04, 2e+00]
  RHS range        [2e-03, 2e+00]
Presolve removed 6347 rows and 3624 columns
Presolve time: 0.20s
Presolved: 46552 rows, 26651 columns, 119583 nonzeros

Iteration    Objective       Primal Inf.    Dual Inf.      Time
       0    0.0000000e+00   3.149615e+03   0.000000e+00      0s
   42206    9.0532994e+01   0.000000e+00   0.000000e+00      1s

Solved in 42206 iterations and 1.06 seconds (0.76 work units)
Optimal objective  9.053299358e+01
Time wiggle minimization: 1176ms
