Number of nodes: 15224
Number of hierarchical edges: 14322
Number of temporal edges: 14842
Number of time steps: 902
Number of levels: 9
Time crossing minimization: 157ms
Number of crossings: 2
Set parameter TokenServer to value "clustermaster.ac.tuwien.ac.at"
Set parameter MemLimit to value 8
Set parameter Threads to value 1
Gurobi Optimizer version 11.0.2 build v11.0.2rc0 (linux64 - "Ubuntu 18.04.6 LTS")

CPU model: Intel(R) Xeon(R) CPU E5-2640 v4 @ 2.40GHz, instruction set [SSE2|AVX|AVX2]
Thread count: 20 physical cores, 20 logical processors, using up to 1 threads

Optimize a model with 51618 rows, 30066 columns and 132920 nonzeros
Model fingerprint: 0xcf8748c3
Coefficient statistics:
  Matrix range     [1e+00, 1e+00]
  Objective range  [1e+00, 1e+00]
  Bounds range     [5e-04, 2e+00]
  RHS range        [2e-03, 2e+00]
Presolve removed 1900 rows and 950 columns
Presolve time: 0.18s
Presolved: 49718 rows, 29164 columns, 129168 nonzeros

Iteration    Objective       Primal Inf.    Dual Inf.      Time
       0    0.0000000e+00   5.298847e+03   0.000000e+00      0s
   52799    1.5662912e+02   0.000000e+00   0.000000e+00      2s

Solved in 52799 iterations and 1.84 seconds (1.53 work units)
Optimal objective  1.566291230e+02
Time wiggle minimization: 1953ms
