Number of nodes: 15224
Number of hierarchical edges: 14322
Number of temporal edges: 14842
Number of time steps: 902
Number of levels: 9
Time crossing minimization: 180ms
Number of crossings: 2
Set parameter TokenServer to value "clustermaster.ac.tuwien.ac.at"
Set parameter MemLimit to value 8
Set parameter Threads to value 1
Gurobi Optimizer version 11.0.2 build v11.0.2rc0 (linux64 - "Ubuntu 18.04.6 LTS")

CPU model: Intel(R) Xeon(R) CPU E5-2640 v4 @ 2.40GHz, instruction set [SSE2|AVX|AVX2]
Thread count: 20 physical cores, 20 logical processors, using up to 1 threads

Optimize a model with 52519 rows, 30066 columns and 134722 nonzeros
Model fingerprint: 0x974fbd64
Coefficient statistics:
  Matrix range     [1e+00, 1e+00]
  Objective range  [1e+00, 1e+00]
  Bounds range     [5e-04, 2e+00]
  RHS range        [2e-03, 2e+00]
Presolve removed 6403 rows and 3652 columns
Presolve time: 0.19s
Presolved: 46116 rows, 26462 columns, 118362 nonzeros

Iteration    Objective       Primal Inf.    Dual Inf.      Time
       0    0.0000000e+00   5.298847e+03   0.000000e+00      0s
   47218    1.6729632e+02   0.000000e+00   0.000000e+00      3s

Solved in 47218 iterations and 2.69 seconds (2.46 work units)
Optimal objective  1.672963186e+02
Time wiggle minimization: 2801ms
