Number of nodes: 46
Number of hierarchical edges: 40
Number of temporal edges: 34
Number of time steps: 6
Number of levels: 6
Set parameter TokenServer to value "clustermaster.ac.tuwien.ac.at"
Set parameter MemLimit to value 8
Set parameter Threads to value 1
Set parameter TimeLimit to value 599.996972774
Gurobi Optimizer version 11.0.2 build v11.0.2rc0 (linux64 - "Ubuntu 18.04.6 LTS")

CPU model: Intel(R) Xeon(R) CPU E5-2640 v4 @ 2.40GHz, instruction set [SSE2|AVX|AVX2]
Thread count: 20 physical cores, 20 logical processors, using up to 1 threads

Optimize a model with 138 rows, 63 columns and 382 nonzeros
Model fingerprint: 0xca98f6a0
Variable types: 0 continuous, 63 integer (63 binary)
Coefficient statistics:
  Matrix range     [1e+00, 1e+00]
  Objective range  [1e+00, 1e+00]
  Bounds range     [1e+00, 1e+00]
  RHS range        [1e+00, 1e+00]
Found heuristic solution: objective 2.0000000
Presolve removed 128 rows and 56 columns
Presolve time: 0.00s
Presolved: 10 rows, 7 columns, 30 nonzeros
Found heuristic solution: objective 0.0000000
Variable types: 0 continuous, 7 integer (7 binary)

Explored 0 nodes (0 simplex iterations) in 0.00 seconds (0.00 work units)
Thread count was 1 (of 20 available processors)

Solution count 2: 0 2 

Optimal solution found (tolerance 1.00e-04)
Best objective 0.000000000000e+00, best bound 0.000000000000e+00, gap 0.0000%
Time crossing minimization: 5ms
Number of crossings: 0
Set parameter TokenServer to value "clustermaster.ac.tuwien.ac.at"
Set parameter MemLimit to value 8
Set parameter Threads to value 1
Gurobi Optimizer version 11.0.2 build v11.0.2rc0 (linux64 - "Ubuntu 18.04.6 LTS")

CPU model: Intel(R) Xeon(R) CPU E5-2640 v4 @ 2.40GHz, instruction set [SSE2|AVX|AVX2]
Thread count: 20 physical cores, 20 logical processors, using up to 1 threads

Optimize a model with 136 rows, 80 columns and 340 nonzeros
Model fingerprint: 0x5cbf90f3
Coefficient statistics:
  Matrix range     [1e+00, 1e+00]
  Objective range  [1e+00, 1e+00]
  Bounds range     [2e-03, 2e+00]
  RHS range        [3e-03, 1e+00]
Presolve removed 37 rows and 21 columns
Presolve time: 0.00s
Presolved: 99 rows, 60 columns, 249 nonzeros

Iteration    Objective       Primal Inf.    Dual Inf.      Time
       0    0.0000000e+00   2.304140e+01   0.000000e+00      0s
      68    1.5359878e+00   0.000000e+00   0.000000e+00      0s

Solved in 68 iterations and 0.00 seconds (0.00 work units)
Optimal objective  1.535987839e+00
Time wiggle minimization: 3ms
