Number of nodes: 114
Number of hierarchical edges: 101
Number of temporal edges: 98
Number of time steps: 13
Number of levels: 6
Set parameter TokenServer to value "clustermaster.ac.tuwien.ac.at"
Set parameter MemLimit to value 8
Set parameter Threads to value 1
Set parameter TimeLimit to value 599.995964728
Gurobi Optimizer version 11.0.2 build v11.0.2rc0 (linux64 - "Ubuntu 18.04.6 LTS")

CPU model: Intel(R) Xeon(R) CPU E5-2640 v4 @ 2.40GHz, instruction set [SSE2|AVX|AVX2]
Thread count: 20 physical cores, 20 logical processors, using up to 1 threads

Optimize a model with 561 rows, 224 columns and 1550 nonzeros
Model fingerprint: 0x29bee3c2
Variable types: 0 continuous, 224 integer (224 binary)
Coefficient statistics:
  Matrix range     [1e+00, 1e+00]
  Objective range  [1e+00, 1e+00]
  Bounds range     [1e+00, 1e+00]
  RHS range        [1e+00, 1e+00]
Found heuristic solution: objective 11.0000000
Presolve removed 551 rows and 217 columns
Presolve time: 0.00s
Presolved: 10 rows, 7 columns, 30 nonzeros
Found heuristic solution: objective 0.0000000
Variable types: 0 continuous, 7 integer (7 binary)

Explored 0 nodes (0 simplex iterations) in 0.00 seconds (0.00 work units)
Thread count was 1 (of 20 available processors)

Solution count 2: 0 11 

Optimal solution found (tolerance 1.00e-04)
Best objective 0.000000000000e+00, best bound 0.000000000000e+00, gap 0.0000%
Time crossing minimization: 9ms
Number of crossings: 0
Set parameter TokenServer to value "clustermaster.ac.tuwien.ac.at"
Set parameter MemLimit to value 8
Set parameter Threads to value 1
Gurobi Optimizer version 11.0.2 build v11.0.2rc0 (linux64 - "Ubuntu 18.04.6 LTS")

CPU model: Intel(R) Xeon(R) CPU E5-2640 v4 @ 2.40GHz, instruction set [SSE2|AVX|AVX2]
Thread count: 20 physical cores, 20 logical processors, using up to 1 threads

Optimize a model with 354 rows, 212 columns and 904 nonzeros
Model fingerprint: 0xef48e85e
Coefficient statistics:
  Matrix range     [1e+00, 1e+00]
  Objective range  [1e+00, 1e+00]
  Bounds range     [1e-02, 2e+00]
  RHS range        [4e-02, 2e+00]
Presolve removed 28 rows and 14 columns
Presolve time: 0.00s
Presolved: 326 rows, 199 columns, 849 nonzeros

Iteration    Objective       Primal Inf.    Dual Inf.      Time
       0    0.0000000e+00   3.210565e+01   0.000000e+00      0s
     247    1.6785671e+00   0.000000e+00   0.000000e+00      0s

Solved in 247 iterations and 0.00 seconds (0.00 work units)
Optimal objective  1.678567100e+00
Time wiggle minimization: 5ms
