Number of nodes: 896
Number of hierarchical edges: 795
Number of temporal edges: 742
Number of time steps: 101
Number of levels: 7
Time crossing minimization: 9ms
Number of crossings: 13
Set parameter TokenServer to value "clustermaster.ac.tuwien.ac.at"
Set parameter MemLimit to value 8
Set parameter Threads to value 1
Gurobi Optimizer version 11.0.2 build v11.0.2rc0 (linux64 - "Ubuntu 18.04.6 LTS")

CPU model: Intel(R) Xeon(R) CPU E5-2640 v4 @ 2.40GHz, instruction set [SSE2|AVX|AVX2]
Thread count: 20 physical cores, 20 logical processors, using up to 1 threads

Optimize a model with 2727 rows, 1638 columns and 6938 nonzeros
Model fingerprint: 0xffea3c64
Coefficient statistics:
  Matrix range     [1e+00, 1e+00]
  Objective range  [3e-03, 4e+00]
  Bounds range     [3e-05, 2e+00]
  RHS range        [2e-03, 2e+00]
Presolve removed 263 rows and 132 columns
Presolve time: 0.01s
Presolved: 2464 rows, 1535 columns, 6441 nonzeros

Iteration    Objective       Primal Inf.    Dual Inf.      Time
       0    0.0000000e+00   5.044573e+02   0.000000e+00      0s
    1795    7.1787672e+01   0.000000e+00   0.000000e+00      0s

Solved in 1795 iterations and 0.04 seconds (0.03 work units)
Optimal objective  7.178767188e+01
Time wiggle minimization: 47ms
