Number of nodes: 668
Number of hierarchical edges: 627
Number of temporal edges: 644
Number of time steps: 41
Number of levels: 7
Set parameter TokenServer to value "clustermaster.ac.tuwien.ac.at"
Set parameter MemLimit to value 8
Set parameter Threads to value 1
Set parameter TimeLimit to value 599.966448529
Gurobi Optimizer version 11.0.2 build v11.0.2rc0 (linux64 - "Ubuntu 18.04.6 LTS")

CPU model: Intel(R) Xeon(R) CPU E5-2640 v4 @ 2.40GHz, instruction set [SSE2|AVX|AVX2]
Thread count: 20 physical cores, 20 logical processors, using up to 1 threads

Optimize a model with 14468 rows, 3848 columns and 39168 nonzeros
Model fingerprint: 0x1129e9af
Variable types: 0 continuous, 3848 integer (3848 binary)
Coefficient statistics:
  Matrix range     [1e+00, 1e+00]
  Objective range  [1e+00, 1e+00]
  Bounds range     [1e+00, 1e+00]
  RHS range        [1e+00, 1e+00]
Found heuristic solution: objective 310.0000000
Presolve removed 14458 rows and 3841 columns
Presolve time: 0.06s
Presolved: 10 rows, 7 columns, 30 nonzeros
Found heuristic solution: objective 0.0000000
Variable types: 0 continuous, 7 integer (7 binary)

Explored 0 nodes (0 simplex iterations) in 0.07 seconds (0.05 work units)
Thread count was 1 (of 20 available processors)

Solution count 2: 0 310 

Optimal solution found (tolerance 1.00e-04)
Best objective 0.000000000000e+00, best bound 0.000000000000e+00, gap 0.0000%
Time crossing minimization: 113ms
Number of crossings: 0
Set parameter TokenServer to value "clustermaster.ac.tuwien.ac.at"
Set parameter MemLimit to value 8
Set parameter Threads to value 1
Gurobi Optimizer version 11.0.2 build v11.0.2rc0 (linux64 - "Ubuntu 18.04.6 LTS")

CPU model: Intel(R) Xeon(R) CPU E5-2640 v4 @ 2.40GHz, instruction set [SSE2|AVX|AVX2]
Thread count: 20 physical cores, 20 logical processors, using up to 1 threads

Optimize a model with 2289 rows, 1312 columns and 5866 nonzeros
Model fingerprint: 0x6fd80b9f
Coefficient statistics:
  Matrix range     [1e+00, 1e+00]
  Objective range  [3e-03, 4e+00]
  Bounds range     [1e-03, 2e+00]
  RHS range        [1e-03, 2e+00]
Presolve removed 284 rows and 162 columns
Presolve time: 0.01s
Presolved: 2005 rows, 1151 columns, 5139 nonzeros

Iteration    Objective       Primal Inf.    Dual Inf.      Time
       0    0.0000000e+00   2.583295e+02   0.000000e+00      0s
    1874    3.5914765e+00   0.000000e+00   0.000000e+00      0s

Solved in 1874 iterations and 0.04 seconds (0.03 work units)
Optimal objective  3.591476490e+00
Time wiggle minimization: 47ms
