Number of nodes: 114
Number of hierarchical edges: 101
Number of temporal edges: 98
Number of time steps: 13
Number of levels: 6
Time crossing minimization: 1ms
Number of crossings: 0
Set parameter TokenServer to value "clustermaster.ac.tuwien.ac.at"
Set parameter MemLimit to value 8
Set parameter Threads to value 1
Gurobi Optimizer version 11.0.2 build v11.0.2rc0 (linux64 - "Ubuntu 18.04.6 LTS")

CPU model: Intel(R) Xeon(R) CPU E5-2640 v4 @ 2.40GHz, instruction set [SSE2|AVX|AVX2]
Thread count: 20 physical cores, 20 logical processors, using up to 1 threads

Optimize a model with 354 rows, 212 columns and 904 nonzeros
Model fingerprint: 0x5f7abcc8
Coefficient statistics:
  Matrix range     [1e+00, 1e+00]
  Objective range  [2e-02, 4e+00]
  Bounds range     [1e-02, 2e+00]
  RHS range        [4e-02, 2e+00]
Presolve removed 28 rows and 14 columns
Presolve time: 0.00s
Presolved: 326 rows, 199 columns, 849 nonzeros

Iteration    Objective       Primal Inf.    Dual Inf.      Time
       0    0.0000000e+00   3.662528e+01   0.000000e+00      0s
     230    1.6048080e+00   0.000000e+00   0.000000e+00      0s

Solved in 230 iterations and 0.00 seconds (0.00 work units)
Optimal objective  1.604807975e+00
Time wiggle minimization: 14ms
