Number of nodes: 92
Number of hierarchical edges: 81
Number of temporal edges: 68
Number of time steps: 11
Number of levels: 6
Time crossing minimization: 0ms
Number of crossings: 0
Set parameter TokenServer to value "clustermaster.ac.tuwien.ac.at"
Set parameter MemLimit to value 8
Set parameter Threads to value 1
Gurobi Optimizer version 11.0.2 build v11.0.2rc0 (linux64 - "Ubuntu 18.04.6 LTS")

CPU model: Intel(R) Xeon(R) CPU E5-2640 v4 @ 2.40GHz, instruction set [SSE2|AVX|AVX2]
Thread count: 20 physical cores, 20 logical processors, using up to 1 threads

Optimize a model with 263 rows, 160 columns and 662 nonzeros
Model fingerprint: 0x7e75684a
Coefficient statistics:
  Matrix range     [1e+00, 1e+00]
  Objective range  [1e+00, 1e+00]
  Bounds range     [3e-03, 2e+00]
  RHS range        [6e-03, 2e+00]
Presolve removed 24 rows and 12 columns
Presolve time: 0.00s
Presolved: 239 rows, 149 columns, 615 nonzeros

Iteration    Objective       Primal Inf.    Dual Inf.      Time
       0    0.0000000e+00   4.360036e+01   0.000000e+00      0s
     173    4.7223938e+00   0.000000e+00   0.000000e+00      0s

Solved in 173 iterations and 0.00 seconds (0.00 work units)
Optimal objective  4.722393804e+00
Time wiggle minimization: 6ms
