Number of nodes: 132
Number of hierarchical edges: 126
Number of temporal edges: 90
Number of time steps: 6
Number of levels: 15
Set parameter TokenServer to value "clustermaster.ac.tuwien.ac.at"
Set parameter MemLimit to value 8
Set parameter Threads to value 1
Set parameter TimeLimit to value 599.988659928
Gurobi Optimizer version 11.0.2 build v11.0.2rc0 (linux64 - "Ubuntu 18.04.6 LTS")

CPU model: Intel(R) Xeon(R) CPU E5-2640 v4 @ 2.40GHz, instruction set [SSE2|AVX|AVX2]
Thread count: 20 physical cores, 20 logical processors, using up to 1 threads

Optimize a model with 6034 rows, 676 columns and 14890 nonzeros
Model fingerprint: 0x26fe8828
Variable types: 0 continuous, 676 integer (676 binary)
Coefficient statistics:
  Matrix range     [1e+00, 1e+00]
  Objective range  [1e+00, 1e+00]
  Bounds range     [1e+00, 1e+00]
  RHS range        [1e+00, 1e+00]
Found heuristic solution: objective 21.0000000
Presolve removed 6000 rows and 657 columns
Presolve time: 0.01s
Presolved: 34 rows, 19 columns, 102 nonzeros
Found heuristic solution: objective 0.0000000
Variable types: 0 continuous, 19 integer (19 binary)

Explored 0 nodes (0 simplex iterations) in 0.01 seconds (0.01 work units)
Thread count was 1 (of 20 available processors)

Solution count 2: 0 21 

Optimal solution found (tolerance 1.00e-04)
Best objective 0.000000000000e+00, best bound 0.000000000000e+00, gap 0.0000%
Time crossing minimization: 24ms
Number of crossings: 0
Set parameter TokenServer to value "clustermaster.ac.tuwien.ac.at"
Set parameter MemLimit to value 8
Set parameter Threads to value 1
Gurobi Optimizer version 11.0.2 build v11.0.2rc0 (linux64 - "Ubuntu 18.04.6 LTS")

CPU model: Intel(R) Xeon(R) CPU E5-2640 v4 @ 2.40GHz, instruction set [SSE2|AVX|AVX2]
Thread count: 20 physical cores, 20 logical processors, using up to 1 threads

Optimize a model with 372 rows, 222 columns and 924 nonzeros
Model fingerprint: 0xdc41db75
Coefficient statistics:
  Matrix range     [1e+00, 1e+00]
  Objective range  [1e+00, 1e+00]
  Bounds range     [5e-04, 2e+00]
  RHS range        [6e-04, 2e+00]
Presolve removed 24 rows and 12 columns
Presolve time: 0.00s
Presolved: 348 rows, 216 columns, 882 nonzeros

Iteration    Objective       Primal Inf.    Dual Inf.      Time
       0    0.0000000e+00   2.694820e+01   0.000000e+00      0s
     330    2.2475006e+00   0.000000e+00   0.000000e+00      0s

Solved in 330 iterations and 0.00 seconds (0.00 work units)
Optimal objective  2.247500594e+00
Time wiggle minimization: 6ms
