Number of nodes: 8446
Number of hierarchical edges: 7702
Number of temporal edges: 7829
Number of time steps: 744
Number of levels: 10
Time crossing minimization: 99ms
Number of crossings: 0
Set parameter TokenServer to value "clustermaster.ac.tuwien.ac.at"
Set parameter MemLimit to value 8
Set parameter Threads to value 1
Gurobi Optimizer version 11.0.2 build v11.0.2rc0 (linux64 - "Ubuntu 18.04.6 LTS")

CPU model: Intel(R) Xeon(R) CPU E5-2640 v4 @ 2.40GHz, instruction set [SSE2|AVX|AVX2]
Thread count: 20 physical cores, 20 logical processors, using up to 1 threads

Optimize a model with 28325 rows, 16275 columns and 72308 nonzeros
Model fingerprint: 0xb5a6d212
Coefficient statistics:
  Matrix range     [1e+00, 1e+00]
  Objective range  [1e+00, 1e+00]
  Bounds range     [2e-03, 2e+00]
  RHS range        [7e-03, 2e+00]
Presolve removed 5242 rows and 2993 columns
Presolve time: 0.05s
Presolved: 23083 rows, 13362 columns, 59056 nonzeros

Iteration    Objective       Primal Inf.    Dual Inf.      Time
       0    0.0000000e+00   2.588348e+03   0.000000e+00      0s
   21231    1.9473777e+02   0.000000e+00   0.000000e+00      0s

Solved in 21231 iterations and 0.38 seconds (0.29 work units)
Optimal objective  1.947377718e+02
Time wiggle minimization: 448ms
