Number of nodes: 114
Number of hierarchical edges: 101
Number of temporal edges: 100
Number of time steps: 13
Number of levels: 6
Set parameter TokenServer to value "clustermaster.ac.tuwien.ac.at"
Set parameter MemLimit to value 8
Set parameter Threads to value 1
Set parameter TimeLimit to value 599.996371541
Gurobi Optimizer version 11.0.2 build v11.0.2rc0 (linux64 - "Ubuntu 18.04.6 LTS")

CPU model: Intel(R) Xeon(R) CPU E5-2640 v4 @ 2.40GHz, instruction set [SSE2|AVX|AVX2]
Thread count: 20 physical cores, 20 logical processors, using up to 1 threads

Optimize a model with 571 rows, 229 columns and 1580 nonzeros
Model fingerprint: 0xd0133b3e
Variable types: 0 continuous, 229 integer (229 binary)
Coefficient statistics:
  Matrix range     [1e+00, 1e+00]
  Objective range  [1e+00, 1e+00]
  Bounds range     [1e+00, 1e+00]
  RHS range        [1e+00, 1e+00]
Found heuristic solution: objective 22.0000000
Presolve removed 555 rows and 213 columns
Presolve time: 0.00s
Presolved: 16 rows, 16 columns, 48 nonzeros
Found heuristic solution: objective 0.0000000
Variable types: 0 continuous, 16 integer (16 binary)

Explored 0 nodes (0 simplex iterations) in 0.00 seconds (0.00 work units)
Thread count was 1 (of 20 available processors)

Solution count 2: 0 22 

Optimal solution found (tolerance 1.00e-04)
Best objective 0.000000000000e+00, best bound 0.000000000000e+00, gap 0.0000%
Time crossing minimization: 7ms
Number of crossings: 0
Set parameter TokenServer to value "clustermaster.ac.tuwien.ac.at"
Set parameter MemLimit to value 8
Set parameter Threads to value 1
Gurobi Optimizer version 11.0.2 build v11.0.2rc0 (linux64 - "Ubuntu 18.04.6 LTS")

CPU model: Intel(R) Xeon(R) CPU E5-2640 v4 @ 2.40GHz, instruction set [SSE2|AVX|AVX2]
Thread count: 20 physical cores, 20 logical processors, using up to 1 threads

Optimize a model with 370 rows, 214 columns and 940 nonzeros
Model fingerprint: 0xbad7dd7d
Coefficient statistics:
  Matrix range     [1e+00, 1e+00]
  Objective range  [1e+00, 1e+00]
  Bounds range     [1e-02, 2e+00]
  RHS range        [4e-02, 2e+00]
Presolve removed 80 rows and 46 columns
Presolve time: 0.00s
Presolved: 290 rows, 168 columns, 738 nonzeros

Iteration    Objective       Primal Inf.    Dual Inf.      Time
       0    0.0000000e+00   3.480528e+01   0.000000e+00      0s
     205    6.0229806e+00   0.000000e+00   0.000000e+00      0s

Solved in 205 iterations and 0.00 seconds (0.00 work units)
Optimal objective  6.022980596e+00
Time wiggle minimization: 5ms
