Number of nodes: 1288
Number of hierarchical edges: 1137
Number of temporal edges: 1134
Number of time steps: 151
Number of levels: 8
Set parameter TokenServer to value "clustermaster.ac.tuwien.ac.at"
Set parameter MemLimit to value 8
Set parameter Threads to value 1
Set parameter TimeLimit to value 599.982258899
Gurobi Optimizer version 11.0.2 build v11.0.2rc0 (linux64 - "Ubuntu 18.04.6 LTS")

CPU model: Intel(R) Xeon(R) CPU E5-2640 v4 @ 2.40GHz, instruction set [SSE2|AVX|AVX2]
Thread count: 20 physical cores, 20 logical processors, using up to 1 threads

Optimize a model with 6729 rows, 2524 columns and 18488 nonzeros
Model fingerprint: 0x206195cf
Variable types: 0 continuous, 2524 integer (2524 binary)
Coefficient statistics:
  Matrix range     [1e+00, 1e+00]
  Objective range  [1e+00, 1e+00]
  Bounds range     [1e+00, 1e+00]
  RHS range        [1e+00, 1e+00]
Found heuristic solution: objective 232.0000000
Presolve removed 6725 rows and 2519 columns
Presolve time: 0.05s
Presolved: 4 rows, 5 columns, 12 nonzeros
Found heuristic solution: objective 0.0000000
Variable types: 0 continuous, 5 integer (5 binary)

Explored 0 nodes (0 simplex iterations) in 0.05 seconds (0.02 work units)
Thread count was 1 (of 20 available processors)

Solution count 2: 0 232 

Optimal solution found (tolerance 1.00e-04)
Best objective 0.000000000000e+00, best bound 0.000000000000e+00, gap 0.0000%
Time crossing minimization: 73ms
Number of crossings: 0
Set parameter TokenServer to value "clustermaster.ac.tuwien.ac.at"
Set parameter MemLimit to value 8
Set parameter Threads to value 1
Gurobi Optimizer version 11.0.2 build v11.0.2rc0 (linux64 - "Ubuntu 18.04.6 LTS")

CPU model: Intel(R) Xeon(R) CPU E5-2640 v4 @ 2.40GHz, instruction set [SSE2|AVX|AVX2]
Thread count: 20 physical cores, 20 logical processors, using up to 1 threads

Optimize a model with 4049 rows, 2422 columns and 10366 nonzeros
Model fingerprint: 0xa288eca3
Coefficient statistics:
  Matrix range     [1e+00, 1e+00]
  Objective range  [3e-05, 4e+00]
  Bounds range     [1e-05, 2e+00]
  RHS range        [1e-04, 2e+00]
Presolve removed 348 rows and 174 columns
Presolve time: 0.01s
Presolved: 3701 rows, 2271 columns, 9693 nonzeros

Iteration    Objective       Primal Inf.    Dual Inf.      Time
       0    0.0000000e+00   5.085397e+02   0.000000e+00      0s
    3100    3.2537670e+01   0.000000e+00   0.000000e+00      0s

Solved in 3100 iterations and 0.06 seconds (0.06 work units)
Optimal objective  3.253766994e+01
Time wiggle minimization: 75ms
