Number of nodes: 92
Number of hierarchical edges: 81
Number of temporal edges: 68
Number of time steps: 11
Number of levels: 6
Set parameter TokenServer to value "clustermaster.ac.tuwien.ac.at"
Set parameter MemLimit to value 8
Set parameter Threads to value 1
Set parameter TimeLimit to value 599.996324762
Gurobi Optimizer version 11.0.2 build v11.0.2rc0 (linux64 - "Ubuntu 18.04.6 LTS")

CPU model: Intel(R) Xeon(R) CPU E5-2640 v4 @ 2.40GHz, instruction set [SSE2|AVX|AVX2]
Thread count: 20 physical cores, 20 logical processors, using up to 1 threads

Optimize a model with 360 rows, 143 columns and 984 nonzeros
Model fingerprint: 0x8b74134e
Variable types: 0 continuous, 143 integer (143 binary)
Coefficient statistics:
  Matrix range     [1e+00, 1e+00]
  Objective range  [1e+00, 1e+00]
  Bounds range     [1e+00, 1e+00]
  RHS range        [1e+00, 1e+00]
Found heuristic solution: objective 14.0000000
Presolve removed 352 rows and 135 columns
Presolve time: 0.00s
Presolved: 8 rows, 8 columns, 24 nonzeros
Found heuristic solution: objective 0.0000000
Variable types: 0 continuous, 8 integer (8 binary)

Explored 0 nodes (0 simplex iterations) in 0.00 seconds (0.00 work units)
Thread count was 1 (of 20 available processors)

Solution count 2: 0 14 

Optimal solution found (tolerance 1.00e-04)
Best objective 0.000000000000e+00, best bound 0.000000000000e+00, gap 0.0000%
Time crossing minimization: 7ms
Number of crossings: 0
Set parameter TokenServer to value "clustermaster.ac.tuwien.ac.at"
Set parameter MemLimit to value 8
Set parameter Threads to value 1
Gurobi Optimizer version 11.0.2 build v11.0.2rc0 (linux64 - "Ubuntu 18.04.6 LTS")

CPU model: Intel(R) Xeon(R) CPU E5-2640 v4 @ 2.40GHz, instruction set [SSE2|AVX|AVX2]
Thread count: 20 physical cores, 20 logical processors, using up to 1 threads

Optimize a model with 273 rows, 160 columns and 682 nonzeros
Model fingerprint: 0x71b48fd6
Coefficient statistics:
  Matrix range     [1e+00, 1e+00]
  Objective range  [8e-03, 4e+00]
  Bounds range     [3e-03, 2e+00]
  RHS range        [6e-03, 2e+00]
Presolve removed 64 rows and 37 columns
Presolve time: 0.00s
Presolved: 209 rows, 124 columns, 525 nonzeros

Iteration    Objective       Primal Inf.    Dual Inf.      Time
       0    0.0000000e+00   4.776443e+01   0.000000e+00      0s
     155    1.0982497e+01   0.000000e+00   0.000000e+00      0s

Solved in 155 iterations and 0.00 seconds (0.00 work units)
Optimal objective  1.098249716e+01
Time wiggle minimization: 4ms
