Number of nodes: 8446
Number of hierarchical edges: 7702
Number of temporal edges: 7901
Number of time steps: 744
Number of levels: 10
Set parameter TokenServer to value "clustermaster.ac.tuwien.ac.at"
Set parameter MemLimit to value 8
Set parameter Threads to value 1
Set parameter TimeLimit to value 599.675851947
Gurobi Optimizer version 11.0.2 build v11.0.2rc0 (linux64 - "Ubuntu 18.04.6 LTS")

CPU model: Intel(R) Xeon(R) CPU E5-2640 v4 @ 2.40GHz, instruction set [SSE2|AVX|AVX2]
Thread count: 20 physical cores, 20 logical processors, using up to 1 threads

Optimize a model with 99188 rows, 28415 columns and 267812 nonzeros
Model fingerprint: 0xc1897f12
Variable types: 0 continuous, 28415 integer (28415 binary)
Coefficient statistics:
  Matrix range     [1e+00, 1e+00]
  Objective range  [1e+00, 1e+00]
  Bounds range     [1e+00, 1e+00]
  RHS range        [1e+00, 1e+00]
Found heuristic solution: objective 1185.0000000
Presolve removed 92188 rows and 21675 columns
Presolve time: 0.15s
Presolved: 7000 rows, 6740 columns, 21000 nonzeros
Extracted 4 lazy constraints
Found heuristic solution: objective 1174.0000000
Variable types: 0 continuous, 6740 integer (6740 binary)
Found heuristic solution: objective 7.0000000

Explored 1 nodes (0 simplex iterations) in 0.39 seconds (0.32 work units)
Thread count was 1 (of 20 available processors)

Solution count 4: 7 7 1174 1185 

Optimal solution found (tolerance 1.00e-04)
Best objective 7.000000000000e+00, best bound 7.000000000000e+00, gap 0.0000%
Time crossing minimization: 789ms
Number of crossings: 7
Set parameter TokenServer to value "clustermaster.ac.tuwien.ac.at"
Set parameter MemLimit to value 8
Set parameter Threads to value 1
Gurobi Optimizer version 11.0.2 build v11.0.2rc0 (linux64 - "Ubuntu 18.04.6 LTS")

CPU model: Intel(R) Xeon(R) CPU E5-2640 v4 @ 2.40GHz, instruction set [SSE2|AVX|AVX2]
Thread count: 20 physical cores, 20 logical processors, using up to 1 threads

Optimize a model with 28469 rows, 16347 columns and 72740 nonzeros
Model fingerprint: 0x648c59dc
Coefficient statistics:
  Matrix range     [1e+00, 1e+00]
  Objective range  [4e-03, 4e+00]
  Bounds range     [2e-03, 2e+00]
  RHS range        [7e-03, 2e+00]
Presolve removed 5177 rows and 2960 columns
Presolve time: 0.04s
Presolved: 23292 rows, 13449 columns, 59626 nonzeros

Iteration    Objective       Primal Inf.    Dual Inf.      Time
       0    0.0000000e+00   2.774062e+03   0.000000e+00      0s
   19780    2.2881333e+02   0.000000e+00   0.000000e+00      1s

Solved in 19780 iterations and 0.76 seconds (0.75 work units)
Optimal objective  2.288133298e+02
Time wiggle minimization: 820ms
