Number of nodes: 15224
Number of hierarchical edges: 14322
Number of temporal edges: 14842
Number of time steps: 902
Number of levels: 9
Set parameter TokenServer to value "clustermaster.ac.tuwien.ac.at"
Set parameter MemLimit to value 8
Set parameter Threads to value 1
Set parameter TimeLimit to value 597.821862341
Gurobi Optimizer version 11.0.2 build v11.0.2rc0 (linux64 - "Ubuntu 18.04.6 LTS")

CPU model: Intel(R) Xeon(R) CPU E5-2640 v4 @ 2.40GHz, instruction set [SSE2|AVX|AVX2]
Thread count: 20 physical cores, 20 logical processors, using up to 1 threads

Optimize a model with 363691 rows, 91019 columns and 976740 nonzeros
Model fingerprint: 0x4a081323
Variable types: 0 continuous, 91019 integer (91019 binary)
Coefficient statistics:
  Matrix range     [1e+00, 1e+00]
  Objective range  [1e+00, 1e+00]
  Bounds range     [1e+00, 1e+00]
  RHS range        [1e+00, 1e+00]
Found heuristic solution: objective 19217.000000
Presolve removed 348277 rows and 76757 columns
Presolve time: 0.82s
Presolved: 15414 rows, 14262 columns, 46242 nonzeros
Variable types: 0 continuous, 14262 integer (14262 binary)
Found heuristic solution: objective 0.0000000

Explored 1 nodes (0 simplex iterations) in 1.38 seconds (1.77 work units)
Thread count was 1 (of 20 available processors)

Solution count 2: 0 19217 

Optimal solution found (tolerance 1.00e-04)
Best objective 0.000000000000e+00, best bound 0.000000000000e+00, gap 0.0000%
Time crossing minimization: 4047ms
Number of crossings: 0
Set parameter TokenServer to value "clustermaster.ac.tuwien.ac.at"
Set parameter MemLimit to value 8
Set parameter Threads to value 1
Gurobi Optimizer version 11.0.2 build v11.0.2rc0 (linux64 - "Ubuntu 18.04.6 LTS")

CPU model: Intel(R) Xeon(R) CPU E5-2640 v4 @ 2.40GHz, instruction set [SSE2|AVX|AVX2]
Thread count: 20 physical cores, 20 logical processors, using up to 1 threads

Optimize a model with 52519 rows, 30066 columns and 134722 nonzeros
Model fingerprint: 0x25ecbc6f
Coefficient statistics:
  Matrix range     [1e+00, 1e+00]
  Objective range  [1e+00, 1e+00]
  Bounds range     [5e-04, 2e+00]
  RHS range        [2e-03, 2e+00]
Presolve removed 6403 rows and 3652 columns
Presolve time: 0.16s
Presolved: 46116 rows, 26462 columns, 118362 nonzeros

Iteration    Objective       Primal Inf.    Dual Inf.      Time
       0    0.0000000e+00   3.413984e+03   0.000000e+00      0s
   46601    1.9810651e+02   0.000000e+00   0.000000e+00      2s

Solved in 46601 iterations and 1.76 seconds (1.50 work units)
Optimal objective  1.981065073e+02
Time wiggle minimization: 1878ms
