Number of nodes: 216
Number of hierarchical edges: 192
Number of temporal edges: 186
Number of time steps: 24
Number of levels: 6
Time crossing minimization: 2ms
Number of crossings: 0
Set parameter TokenServer to value "clustermaster.ac.tuwien.ac.at"
Set parameter MemLimit to value 8
Set parameter Threads to value 1
Gurobi Optimizer version 11.0.2 build v11.0.2rc0 (linux64 - "Ubuntu 18.04.6 LTS")

CPU model: Intel(R) Xeon(R) CPU E5-2640 v4 @ 2.40GHz, instruction set [SSE2|AVX|AVX2]
Thread count: 20 physical cores, 20 logical processors, using up to 1 threads

Optimize a model with 695 rows, 402 columns and 1762 nonzeros
Model fingerprint: 0x03f106de
Coefficient statistics:
  Matrix range     [1e+00, 1e+00]
  Objective range  [1e-02, 4e+00]
  Bounds range     [7e-03, 2e+00]
  RHS range        [4e-02, 2e+00]
Presolve removed 161 rows and 92 columns
Presolve time: 0.00s
Presolved: 534 rows, 312 columns, 1356 nonzeros

Iteration    Objective       Primal Inf.    Dual Inf.      Time
       0    0.0000000e+00   6.799086e+01   0.000000e+00      0s
     419    3.5089953e+00   0.000000e+00   0.000000e+00      0s

Solved in 419 iterations and 0.00 seconds (0.00 work units)
Optimal objective  3.508995350e+00
Time wiggle minimization: 10ms
