Number of nodes: 8446
Number of hierarchical edges: 7702
Number of temporal edges: 7901
Number of time steps: 744
Number of levels: 10
Time crossing minimization: 98ms
Number of crossings: 49
Set parameter TokenServer to value "clustermaster.ac.tuwien.ac.at"
Set parameter MemLimit to value 8
Set parameter Threads to value 1
Gurobi Optimizer version 11.0.2 build v11.0.2rc0 (linux64 - "Ubuntu 18.04.6 LTS")

CPU model: Intel(R) Xeon(R) CPU E5-2640 v4 @ 2.40GHz, instruction set [SSE2|AVX|AVX2]
Thread count: 20 physical cores, 20 logical processors, using up to 1 threads

Optimize a model with 28469 rows, 16347 columns and 72740 nonzeros
Model fingerprint: 0x98466e58
Coefficient statistics:
  Matrix range     [1e+00, 1e+00]
  Objective range  [1e+00, 1e+00]
  Bounds range     [2e-03, 2e+00]
  RHS range        [7e-03, 2e+00]
Presolve removed 5177 rows and 2960 columns
Presolve time: 0.04s
Presolved: 23292 rows, 13449 columns, 59626 nonzeros

Iteration    Objective       Primal Inf.    Dual Inf.      Time
       0    0.0000000e+00   2.624755e+03   0.000000e+00      0s
   21073    2.8218832e+02   0.000000e+00   0.000000e+00      1s

Solved in 21073 iterations and 0.84 seconds (0.72 work units)
Optimal objective  2.821883157e+02
Time wiggle minimization: 902ms
