Number of nodes: 668
Number of hierarchical edges: 627
Number of temporal edges: 636
Number of time steps: 41
Number of levels: 7
Set parameter TokenServer to value "clustermaster.ac.tuwien.ac.at"
Set parameter MemLimit to value 8
Set parameter Threads to value 1
Set parameter TimeLimit to value 599.965083291
Gurobi Optimizer version 11.0.2 build v11.0.2rc0 (linux64 - "Ubuntu 18.04.6 LTS")

CPU model: Intel(R) Xeon(R) CPU E5-2640 v4 @ 2.40GHz, instruction set [SSE2|AVX|AVX2]
Thread count: 20 physical cores, 20 logical processors, using up to 1 threads

Optimize a model with 14360 rows, 3794 columns and 38844 nonzeros
Model fingerprint: 0xf263656f
Variable types: 0 continuous, 3794 integer (3794 binary)
Coefficient statistics:
  Matrix range     [1e+00, 1e+00]
  Objective range  [1e+00, 1e+00]
  Bounds range     [1e+00, 1e+00]
  RHS range        [1e+00, 1e+00]
Found heuristic solution: objective 291.0000000
Presolve removed 14354 rows and 3789 columns
Presolve time: 0.05s
Presolved: 6 rows, 5 columns, 18 nonzeros
Found heuristic solution: objective 0.0000000
Variable types: 0 continuous, 5 integer (5 binary)

Explored 0 nodes (0 simplex iterations) in 0.06 seconds (0.05 work units)
Thread count was 1 (of 20 available processors)

Solution count 2: 0 291 

Optimal solution found (tolerance 1.00e-04)
Best objective 0.000000000000e+00, best bound 0.000000000000e+00, gap 0.0000%
Time crossing minimization: 97ms
Number of crossings: 0
Set parameter TokenServer to value "clustermaster.ac.tuwien.ac.at"
Set parameter MemLimit to value 8
Set parameter Threads to value 1
Gurobi Optimizer version 11.0.2 build v11.0.2rc0 (linux64 - "Ubuntu 18.04.6 LTS")

CPU model: Intel(R) Xeon(R) CPU E5-2640 v4 @ 2.40GHz, instruction set [SSE2|AVX|AVX2]
Thread count: 20 physical cores, 20 logical processors, using up to 1 threads

Optimize a model with 2233 rows, 1304 columns and 5738 nonzeros
Model fingerprint: 0xb7a9542d
Coefficient statistics:
  Matrix range     [1e+00, 1e+00]
  Objective range  [3e-03, 4e+00]
  Bounds range     [1e-03, 2e+00]
  RHS range        [1e-03, 2e+00]
Presolve removed 84 rows and 42 columns
Presolve time: 0.01s
Presolved: 2149 rows, 1263 columns, 5571 nonzeros

Iteration    Objective       Primal Inf.    Dual Inf.      Time
       0    0.0000000e+00   2.510148e+02   0.000000e+00      0s
    1810    4.6648147e-01   0.000000e+00   0.000000e+00      0s

Solved in 1810 iterations and 0.03 seconds (0.03 work units)
Optimal objective  4.664814684e-01
Time wiggle minimization: 39ms
