Number of nodes: 132
Number of hierarchical edges: 126
Number of temporal edges: 90
Number of time steps: 6
Number of levels: 15
Time crossing minimization: 1ms
Number of crossings: 1
Set parameter TokenServer to value "clustermaster.ac.tuwien.ac.at"
Set parameter MemLimit to value 8
Set parameter Threads to value 1
Gurobi Optimizer version 11.0.2 build v11.0.2rc0 (linux64 - "Ubuntu 18.04.6 LTS")

CPU model: Intel(R) Xeon(R) CPU E5-2640 v4 @ 2.40GHz, instruction set [SSE2|AVX|AVX2]
Thread count: 20 physical cores, 20 logical processors, using up to 1 threads

Optimize a model with 372 rows, 222 columns and 924 nonzeros
Model fingerprint: 0xf5fdc640
Coefficient statistics:
  Matrix range     [1e+00, 1e+00]
  Objective range  [1e+00, 1e+00]
  Bounds range     [5e-04, 2e+00]
  RHS range        [6e-04, 2e+00]
Presolve removed 26 rows and 13 columns
Presolve time: 0.00s
Presolved: 346 rows, 216 columns, 879 nonzeros

Iteration    Objective       Primal Inf.    Dual Inf.      Time
       0    0.0000000e+00   2.343316e+01   0.000000e+00      0s
     275    1.9283585e+00   0.000000e+00   0.000000e+00      0s

Solved in 275 iterations and 0.00 seconds (0.00 work units)
Optimal objective  1.928358477e+00
Time wiggle minimization: 6ms
