Number of nodes: 216
Number of hierarchical edges: 192
Number of temporal edges: 188
Number of time steps: 24
Number of levels: 6
Set parameter TokenServer to value "clustermaster.ac.tuwien.ac.at"
Set parameter MemLimit to value 8
Set parameter Threads to value 1
Set parameter TimeLimit to value 599.994917686
Gurobi Optimizer version 11.0.2 build v11.0.2rc0 (linux64 - "Ubuntu 18.04.6 LTS")

CPU model: Intel(R) Xeon(R) CPU E5-2640 v4 @ 2.40GHz, instruction set [SSE2|AVX|AVX2]
Thread count: 20 physical cores, 20 logical processors, using up to 1 threads

Optimize a model with 1081 rows, 434 columns and 2994 nonzeros
Model fingerprint: 0xc8652944
Variable types: 0 continuous, 434 integer (434 binary)
Coefficient statistics:
  Matrix range     [1e+00, 1e+00]
  Objective range  [1e+00, 1e+00]
  Bounds range     [1e+00, 1e+00]
  RHS range        [1e+00, 1e+00]
Found heuristic solution: objective 21.0000000
Presolve removed 1065 rows and 418 columns
Presolve time: 0.00s
Presolved: 16 rows, 16 columns, 48 nonzeros
Found heuristic solution: objective 0.0000000
Variable types: 0 continuous, 16 integer (16 binary)

Explored 0 nodes (0 simplex iterations) in 0.00 seconds (0.00 work units)
Thread count was 1 (of 20 available processors)

Solution count 2: 0 21 

Optimal solution found (tolerance 1.00e-04)
Best objective 0.000000000000e+00, best bound 0.000000000000e+00, gap 0.0000%
Time crossing minimization: 10ms
Number of crossings: 0
Set parameter TokenServer to value "clustermaster.ac.tuwien.ac.at"
Set parameter MemLimit to value 8
Set parameter Threads to value 1
Gurobi Optimizer version 11.0.2 build v11.0.2rc0 (linux64 - "Ubuntu 18.04.6 LTS")

CPU model: Intel(R) Xeon(R) CPU E5-2640 v4 @ 2.40GHz, instruction set [SSE2|AVX|AVX2]
Thread count: 20 physical cores, 20 logical processors, using up to 1 threads

Optimize a model with 699 rows, 404 columns and 1774 nonzeros
Model fingerprint: 0x59c38b8c
Coefficient statistics:
  Matrix range     [1e+00, 1e+00]
  Objective range  [1e-02, 4e+00]
  Bounds range     [7e-03, 2e+00]
  RHS range        [4e-02, 2e+00]
Presolve removed 157 rows and 90 columns
Presolve time: 0.00s
Presolved: 542 rows, 315 columns, 1377 nonzeros

Iteration    Objective       Primal Inf.    Dual Inf.      Time
       0    0.0000000e+00   7.356971e+01   0.000000e+00      0s
     453    1.0259003e+01   0.000000e+00   0.000000e+00      0s

Solved in 453 iterations and 0.01 seconds (0.00 work units)
Optimal objective  1.025900280e+01
Time wiggle minimization: 9ms
