Number of nodes: 896
Number of hierarchical edges: 795
Number of temporal edges: 730
Number of time steps: 101
Number of levels: 7
Set parameter TokenServer to value "clustermaster.ac.tuwien.ac.at"
Set parameter MemLimit to value 8
Set parameter Threads to value 1
Set parameter TimeLimit to value 599.986069277
Gurobi Optimizer version 11.0.2 build v11.0.2rc0 (linux64 - "Ubuntu 18.04.6 LTS")

CPU model: Intel(R) Xeon(R) CPU E5-2640 v4 @ 2.40GHz, instruction set [SSE2|AVX|AVX2]
Thread count: 20 physical cores, 20 logical processors, using up to 1 threads

Optimize a model with 4727 rows, 1721 columns and 12950 nonzeros
Model fingerprint: 0x1f6de289
Variable types: 0 continuous, 1721 integer (1721 binary)
Coefficient statistics:
  Matrix range     [1e+00, 1e+00]
  Objective range  [1e+00, 1e+00]
  Bounds range     [1e+00, 1e+00]
  RHS range        [1e+00, 1e+00]
Found heuristic solution: objective 253.0000000
Presolve removed 4727 rows and 1721 columns
Presolve time: 0.01s
Presolve: All rows and columns removed

Explored 0 nodes (0 simplex iterations) in 0.01 seconds (0.01 work units)
Thread count was 1 (of 20 available processors)

Solution count 2: 0 253 

Optimal solution found (tolerance 1.00e-04)
Best objective 0.000000000000e+00, best bound 0.000000000000e+00, gap 0.0000%
Time crossing minimization: 29ms
Number of crossings: 0
Set parameter TokenServer to value "clustermaster.ac.tuwien.ac.at"
Set parameter MemLimit to value 8
Set parameter Threads to value 1
Gurobi Optimizer version 11.0.2 build v11.0.2rc0 (linux64 - "Ubuntu 18.04.6 LTS")

CPU model: Intel(R) Xeon(R) CPU E5-2640 v4 @ 2.40GHz, instruction set [SSE2|AVX|AVX2]
Thread count: 20 physical cores, 20 logical processors, using up to 1 threads

Optimize a model with 2703 rows, 1626 columns and 6866 nonzeros
Model fingerprint: 0x70da0c61
Coefficient statistics:
  Matrix range     [1e+00, 1e+00]
  Objective range  [1e+00, 1e+00]
  Bounds range     [3e-05, 2e+00]
  RHS range        [2e-03, 2e+00]
Presolve removed 273 rows and 137 columns
Presolve time: 0.01s
Presolved: 2430 rows, 1523 columns, 6354 nonzeros

Iteration    Objective       Primal Inf.    Dual Inf.      Time
       0    0.0000000e+00   4.434772e+02   0.000000e+00      0s
    1888    7.0139501e+01   0.000000e+00   0.000000e+00      0s

Solved in 1888 iterations and 0.04 seconds (0.03 work units)
Optimal objective  7.013950138e+01
Time wiggle minimization: 51ms
