Number of nodes: 896
Number of hierarchical edges: 795
Number of temporal edges: 742
Number of time steps: 101
Number of levels: 7
Set parameter TokenServer to value "clustermaster.ac.tuwien.ac.at"
Set parameter MemLimit to value 8
Set parameter Threads to value 1
Set parameter TimeLimit to value 599.98726908
Gurobi Optimizer version 11.0.2 build v11.0.2rc0 (linux64 - "Ubuntu 18.04.6 LTS")

CPU model: Intel(R) Xeon(R) CPU E5-2640 v4 @ 2.40GHz, instruction set [SSE2|AVX|AVX2]
Thread count: 20 physical cores, 20 logical processors, using up to 1 threads

Optimize a model with 4706 rows, 1711 columns and 12888 nonzeros
Model fingerprint: 0xf5d9e195
Variable types: 0 continuous, 1711 integer (1711 binary)
Coefficient statistics:
  Matrix range     [1e+00, 1e+00]
  Objective range  [1e+00, 1e+00]
  Bounds range     [1e+00, 1e+00]
  RHS range        [1e+00, 1e+00]
Found heuristic solution: objective 251.0000000
Presolve removed 4698 rows and 1703 columns
Presolve time: 0.04s
Presolved: 8 rows, 8 columns, 24 nonzeros
Found heuristic solution: objective 2.0000000
Variable types: 0 continuous, 8 integer (8 binary)

Explored 0 nodes (0 simplex iterations) in 0.04 seconds (0.01 work units)
Thread count was 1 (of 20 available processors)

Solution count 2: 2 251 

Optimal solution found (tolerance 1.00e-04)
Best objective 2.000000000000e+00, best bound 2.000000000000e+00, gap 0.0000%
Time crossing minimization: 54ms
Number of crossings: 2
Set parameter TokenServer to value "clustermaster.ac.tuwien.ac.at"
Set parameter MemLimit to value 8
Set parameter Threads to value 1
Gurobi Optimizer version 11.0.2 build v11.0.2rc0 (linux64 - "Ubuntu 18.04.6 LTS")

CPU model: Intel(R) Xeon(R) CPU E5-2640 v4 @ 2.40GHz, instruction set [SSE2|AVX|AVX2]
Thread count: 20 physical cores, 20 logical processors, using up to 1 threads

Optimize a model with 2827 rows, 1638 columns and 7138 nonzeros
Model fingerprint: 0xa720afb2
Coefficient statistics:
  Matrix range     [1e+00, 1e+00]
  Objective range  [1e+00, 1e+00]
  Bounds range     [3e-05, 2e+00]
  RHS range        [2e-03, 2e+00]
Presolve removed 687 rows and 394 columns
Presolve time: 0.01s
Presolved: 2140 rows, 1273 columns, 5469 nonzeros

Iteration    Objective       Primal Inf.    Dual Inf.      Time
       0    0.0000000e+00   5.177353e+02   0.000000e+00      0s
    1769    1.4077502e+02   0.000000e+00   0.000000e+00      0s

Solved in 1769 iterations and 0.03 seconds (0.02 work units)
Optimal objective  1.407750162e+02
Time wiggle minimization: 42ms
