Number of nodes: 216
Number of hierarchical edges: 192
Number of temporal edges: 188
Number of time steps: 24
Number of levels: 6
Time crossing minimization: 2ms
Number of crossings: 2
Set parameter TokenServer to value "clustermaster.ac.tuwien.ac.at"
Set parameter MemLimit to value 8
Set parameter Threads to value 1
Gurobi Optimizer version 11.0.2 build v11.0.2rc0 (linux64 - "Ubuntu 18.04.6 LTS")

CPU model: Intel(R) Xeon(R) CPU E5-2640 v4 @ 2.40GHz, instruction set [SSE2|AVX|AVX2]
Thread count: 20 physical cores, 20 logical processors, using up to 1 threads

Optimize a model with 676 rows, 404 columns and 1728 nonzeros
Model fingerprint: 0xb588bf28
Coefficient statistics:
  Matrix range     [1e+00, 1e+00]
  Objective range  [1e+00, 1e+00]
  Bounds range     [7e-03, 2e+00]
  RHS range        [4e-02, 2e+00]
Presolve removed 50 rows and 25 columns
Presolve time: 0.00s
Presolved: 626 rows, 380 columns, 1629 nonzeros

Iteration    Objective       Primal Inf.    Dual Inf.      Time
       0    0.0000000e+00   7.420241e+01   0.000000e+00      0s
     517    8.4187336e+00   0.000000e+00   0.000000e+00      0s

Solved in 517 iterations and 0.01 seconds (0.01 work units)
Optimal objective  8.418733573e+00
Time wiggle minimization: 11ms
