Number of nodes: 132
Number of hierarchical edges: 127
Number of temporal edges: 102
Number of time steps: 5
Number of levels: 6
Set parameter TokenServer to value "clustermaster.ac.tuwien.ac.at"
Set parameter MemLimit to value 8
Set parameter Threads to value 1
Set parameter TimeLimit to value 599.967040023
Gurobi Optimizer version 11.0.2 build v11.0.2rc0 (linux64 - "Ubuntu 18.04.6 LTS")

CPU model: Intel(R) Xeon(R) CPU E5-2640 v4 @ 2.40GHz, instruction set [SSE2|AVX|AVX2]
Thread count: 20 physical cores, 20 logical processors, using up to 1 threads

Optimize a model with 13459 rows, 1679 columns and 36158 nonzeros
Model fingerprint: 0x65cb3b26
Variable types: 0 continuous, 1679 integer (1679 binary)
Coefficient statistics:
  Matrix range     [1e+00, 1e+00]
  Objective range  [1e+00, 1e+00]
  Bounds range     [1e+00, 1e+00]
  RHS range        [1e+00, 1e+00]
Found heuristic solution: objective 36.0000000
Presolve removed 13299 rows and 1597 columns
Presolve time: 0.04s
Presolved: 160 rows, 82 columns, 480 nonzeros
Extracted 88 lazy constraints
Found heuristic solution: objective 0.0000000
Variable types: 0 continuous, 82 integer (82 binary)

Explored 0 nodes (0 simplex iterations) in 0.04 seconds (0.03 work units)
Thread count was 1 (of 20 available processors)

Solution count 2: 0 36 

Optimal solution found (tolerance 1.00e-04)
Best objective 0.000000000000e+00, best bound 0.000000000000e+00, gap 0.0000%
Time crossing minimization: 81ms
Number of crossings: 0
Set parameter TokenServer to value "clustermaster.ac.tuwien.ac.at"
Set parameter MemLimit to value 8
Set parameter Threads to value 1
Gurobi Optimizer version 11.0.2 build v11.0.2rc0 (linux64 - "Ubuntu 18.04.6 LTS")

CPU model: Intel(R) Xeon(R) CPU E5-2640 v4 @ 2.40GHz, instruction set [SSE2|AVX|AVX2]
Thread count: 20 physical cores, 20 logical processors, using up to 1 threads

Optimize a model with 378 rows, 234 columns and 960 nonzeros
Model fingerprint: 0x1224744c
Coefficient statistics:
  Matrix range     [1e+00, 1e+00]
  Objective range  [1e-01, 4e+00]
  Bounds range     [5e-02, 2e+00]
  RHS range        [6e-03, 2e+00]
Presolve removed 18 rows and 1 columns
Presolve time: 0.00s
Presolved: 360 rows, 250 columns, 941 nonzeros

Iteration    Objective       Primal Inf.    Dual Inf.      Time
       0    0.0000000e+00   2.964875e+01   0.000000e+00      0s
     262    2.3330840e+00   0.000000e+00   0.000000e+00      0s

Solved in 262 iterations and 0.00 seconds (0.00 work units)
Optimal objective  2.333083965e+00
Time wiggle minimization: 9ms
