Number of nodes: 978
Number of hierarchical edges: 918
Number of temporal edges: 943
Number of time steps: 60
Number of levels: 4
Time crossing minimization: 9ms
Number of crossings: 83
Set parameter TokenServer to value "clustermaster.ac.tuwien.ac.at"
Set parameter MemLimit to value 8
Set parameter Threads to value 1
Gurobi Optimizer version 11.0.2 build v11.0.2rc0 (linux64 - "Ubuntu 18.04.6 LTS")

CPU model: Intel(R) Xeon(R) CPU E5-2640 v4 @ 2.40GHz, instruction set [SSE2|AVX|AVX2]
Thread count: 20 physical cores, 20 logical processors, using up to 1 threads

Optimize a model with 3125 rows, 1921 columns and 8136 nonzeros
Model fingerprint: 0x27c55e10
Coefficient statistics:
  Matrix range     [1e+00, 1e+00]
  Objective range  [1e+00, 1e+00]
  Bounds range     [4e-05, 2e+00]
  RHS range        [7e-05, 2e+00]
Presolve removed 164 rows and 36 columns
Presolve time: 0.01s
Presolved: 2961 rows, 2004 columns, 7927 nonzeros

Iteration    Objective       Primal Inf.    Dual Inf.      Time
       0    0.0000000e+00   2.441290e+02   0.000000e+00      0s
    2789    1.1553892e+02   0.000000e+00   0.000000e+00      0s

Solved in 2789 iterations and 0.06 seconds (0.06 work units)
Optimal objective  1.155389217e+02
Time wiggle minimization: 74ms
